
======================================================================
2026-09-27 14:26:18  run_backtests.py --sets sets_v6 --out results_v6_2026_M15 --period M15 --from 2026.01.01 --to 2026.12.31 --skip-done --deposit 25000 --symbol XAUUSD --expert SniperTurtle_KZ_v1.00.ex5 --terminal C:\MT5-Tester\terminal64.exe --data-dir C:\MT5-Tester --portable
======================================================================
Terminal : C:\MT5-Tester\terminal64.exe
Data dir : C:\MT5-Tester
Expert   : SniperTurtle_KZ_v1.00.ex5   (as given: SniperTurtle_KZ_v1.00.ex5)
Run      : XAUUSD M15 2026.01.01 - 2026.12.31, model real, deposit 25000
Sets     : 14

MT5 will open and close once per run. Do not use the terminal meanwhile.

[1/14]   running KZFN_all ... done in 1.4 min, 1 log file(s)
[2/14]   running KZFN_asia ... done in 1.3 min, 1 log file(s)
[3/14]   running KZFN_asia_london ... done in 1.4 min, 1 log file(s)
[4/14]   running KZFN_asia_ny ... done in 1.4 min, 1 log file(s)
[5/14]   running KZFN_london ... done in 1.4 min, 1 log file(s)
[6/14]   running KZFN_london_ny ... done in 1.4 min, 1 log file(s)
[7/14]   running KZFN_ny ... done in 1.3 min, 1 log file(s)
[8/14]   running KZ_all ... done in 1.4 min, 1 log file(s)
[9/14]   running KZ_asia ... done in 1.3 min, 1 log file(s)
[10/14]   running KZ_asia_london ... done in 1.3 min, 1 log file(s)
[11/14]   running KZ_asia_ny ... done in 1.3 min, 1 log file(s)
[12/14]   running KZ_london ... done in 1.4 min, 1 log file(s)
[13/14]   running KZ_london_ny ... done in 1.4 min, 1 log file(s)
[14/14]   running KZ_ny ... done in 1.4 min, 1 log file(s)

14 of 14 runs produced a report in 19 min

run                       filter                 trades       net    PF    DD%  win%    avgW    avgL
----------------------------------------------------------------------------------------------------
KZFN_all                  Vwap                       47   4704.93  2.25   4.82  36.2  497.34 -124.59
KZ_all                    Vwap                       47   4704.93  2.25   4.82  36.2  497.34 -124.59
KZFN_london_ny            Vwap                       29   3562.45  2.57   2.56  37.9  529.80 -125.42
KZ_london_ny              Vwap                       29   3562.45  2.57   2.56  37.9  529.80 -125.42
KZFN_asia_ny              Vwap                       37   3365.14  2.14   4.35  35.1  485.72 -122.51
KZ_asia_ny                Vwap                       37   3365.14  2.14   4.35  35.1  485.72 -122.51
KZFN_ny                   Vwap                       24   3091.79  2.80   2.10  41.7  481.41 -122.57
KZ_ny                     Vwap                       24   3091.79  2.80   2.10  41.7  481.41 -122.57
KZFN_asia                 Vwap                       15    464.24  1.36   3.73  20.0  581.21 -106.34
KZ_asia                   Vwap                       15    464.24  1.36   3.73  20.0  581.21 -106.34
KZFN_asia_london          Vwap                       24    360.21  1.17   3.00  20.8  506.58 -114.04
KZ_asia_london            Vwap                       24    360.21  1.17   3.00  20.8  506.58 -114.04
KZFN_london               Vwap                        6     -0.09  1.00   1.41  16.7  595.73 -118.85
KZ_london                 Vwap                        6     -0.09  1.00   1.41  16.7  595.73 -118.85

Wrote C:\Users\Administrator\Downloads\sniper-ea\turtle-grid\results_v6_2026_M15\comparison.csv
