
======================================================================
2026-09-27 00:35:24  run_backtests.py --sets sets_v2 --out results_v2_M3 --period M3 --skip-done --deposit 25000 --symbol XAUUSD --from 2026.01.01 --to 2026.09.18 --expert SniperTurtle_KZ_v1.00.ex5 --terminal C:\MT5-Tester\terminal64.exe --data-dir C:\MT5-Tester --portable
======================================================================
Terminal : C:\MT5-Tester\terminal64.exe
Data dir : C:\MT5-Tester
Expert   : SniperTurtle_KZ_v1.00.ex5   (as given: SniperTurtle_KZ_v1.00.ex5)
Run      : XAUUSD M3 2026.01.01 - 2026.09.18, model real, deposit 25000
Sets     : 28

MT5 will open and close once per run. Do not use the terminal meanwhile.

[1/28]   running V2_cap80 ... done in 1.3 min, 1 log file(s)
[2/28]   running V2_ctrl ... done in 1.4 min, 1 log file(s)
[3/28]   running V2_exit_noboth ... done in 1.5 min, 1 log file(s)
[4/28]   running V2_exit_nohalf ... done in 1.4 min, 1 log file(s)
[5/28]   running V2_exit_notrail ... done in 1.5 min, 1 log file(s)
[6/28]   running V2_exit_partials ... done in 1.4 min, 1 log file(s)
[7/28]   running V2_exit_runner ... done in 1.5 min, 1 log file(s)
[8/28]   running V2_exit_single2R ... done in 1.4 min, 1 log file(s)
[9/28]   running V2_exit_single3R ... done in 1.4 min, 1 log file(s)
[10/28]   running V2_exit_tp2 ... done in 1.5 min, 1 log file(s)
[11/28]   running V2_exit_tp3 ... done in 1.5 min, 1 log file(s)
[12/28]   running V2_fn25k ... done in 1.3 min, 1 log file(s)
[13/28]   running V2_kz_lead0 ... done in 1.4 min, 1 log file(s)
[14/28]   running V2_kz_lead120 ... done in 1.4 min, 1 log file(s)
[15/28]   running V2_kz_lead30 ... done in 1.4 min, 1 log file(s)
[16/28]   running V2_kz_off ... done in 1.4 min, 1 log file(s)
[17/28]   running V2_qf_default ... done in 1.3 min, 1 log file(s)
[18/28]   running V2_qf_default_novwap ... done in 1.3 min, 1 log file(s)
[19/28]   running V2_qf_vwap_adx30 ... done in 1.4 min, 1 log file(s)
[20/28]   running V2_qf_vwap_cool ... done in 1.5 min, 1 log file(s)
[21/28]   running V2_qf_vwap_cool_ema50 ... done in 1.5 min, 1 log file(s)
[22/28]   running V2_qf_vwap_ema50 ... done in 1.4 min, 1 log file(s)
[23/28]   running V2_qf_vwap_trend ... done in 1.3 min, 1 log file(s)
[24/28]   running V2_sl15 ... done in 1.4 min, 1 log file(s)
[25/28]   running V2_sl25 ... done in 1.4 min, 1 log file(s)
[26/28]   running V2_sl30 ... done in 1.5 min, 1 log file(s)
[27/28]   running V2_tgt100 ... done in 1.4 min, 1 log file(s)
[28/28]   running V2_tgt100_cap80 ... done in 1.3 min, 1 log file(s)

28 of 28 runs produced a report in 40 min

run                       filter                 trades       net    PF    DD%  win%    avgW    avgL
----------------------------------------------------------------------------------------------------
V2_kz_off                 Vwap                      899   1506.43  1.03  21.49  24.2  259.08  -79.80
V2_cap80                  Vwap                      311   1495.38  1.09   7.48  23.5  257.69  -71.86
V2_exit_nohalf            Vwap                      731   1250.17  1.03  19.85  23.4  257.73  -75.68
V2_tgt100_cap80           Vwap                      245    969.86  1.07   6.82  22.0  275.28  -71.83
V2_sl30                   Vwap                      726    675.70  1.02  21.00  20.8  232.74  -59.41
V2_qf_vwap_ema50          Ema50,Vwap                673    510.63  1.01  17.20  23.3  257.87  -76.60
V2_qf_vwap_adx30          Trend,Vwap                102    479.27  1.07   9.80  20.6  329.24  -78.60
V2_qf_vwap_cool_ema50     Ema50,Vwap,Cooldown       571    174.36  1.01  15.64  23.6  257.12  -78.34
V2_qf_default_novwap      Trend,Struct,Ema50,Coo    176    -39.19  1.00   6.20  25.0  262.31  -86.75
V2_kz_lead0               Vwap                      567   -226.22  0.99  21.96  24.0  245.35  -77.09
V2_qf_vwap_cool           Vwap,Cooldown             603   -237.05  0.99  16.37  23.7  249.46  -77.20
V2_kz_lead120             Vwap                      790   -304.22  0.99  17.88  23.0  250.60  -74.67
V2_ctrl                   Vwap                      727   -631.98  0.98  20.12  22.7  251.11  -73.99
V2_kz_lead30              Vwap                      653   -676.71  0.98  25.24  23.3  243.98  -74.51
V2_exit_notrail           Vwap                      731   -703.22  0.99  29.47  17.9  441.13  -96.73
V2_qf_default             Trend,Struct,Ema50,Vwa     89   -773.44  0.85  11.11  19.1  264.94  -72.48
V2_exit_single2R          Vwap                      728   -923.40  0.98  20.60  24.6  232.11  -76.50
V2_exit_runner            Vwap                      726  -1070.16  0.97  22.10  22.9  247.36  -74.38
V2_fn25k                  Vwap                      353  -1205.17  0.91  10.21  20.7  174.94  -49.38
V2_exit_partials          Vwap                     1351  -1384.02  0.97  20.77  58.7   49.98  -72.67
V2_sl25                   Vwap                      726  -1694.96  0.95  22.60  21.9  217.29  -63.29
V2_exit_single3R          Vwap                      727  -1951.27  0.95  24.11  16.5  332.46  -68.18
V2_tgt100                 Vwap                      624  -2103.76  0.94  21.30  22.3  255.91  -76.81
V2_exit_noboth            Vwap                     1519  -2469.02  0.95  26.56  60.4   53.61  -85.26
V2_exit_tp2               Vwap                      727  -2611.72  0.91  15.26  30.3  118.85  -55.82
V2_exit_tp3               Vwap                      728  -3442.72  0.90  22.43  25.7  168.66  -63.83
V2_sl15                   Vwap                      727  -4380.69  0.90  26.87  23.1  222.48  -73.66
V2_qf_vwap_trend          Trend,Vwap                275  -4657.13  0.69  26.21  17.4  217.39  -65.75

Wrote C:\Users\Administrator\Downloads\sniper-ea\turtle-grid\results_v2_M3\comparison.csv
