
======================================================================
2026-09-27 11:13:49  run_backtests.py --sets sets_v4 --out results_v4oos_M3 --period M3 --skip-done --deposit 25000 --symbol XAUUSD --expert SniperTurtle_KZ_v1.00.ex5 --terminal C:\MT5-Tester\terminal64.exe --data-dir C:\MT5-Tester --portable --from 2025.01.01 --to 2025.12.31
======================================================================
Terminal : C:\MT5-Tester\terminal64.exe
Data dir : C:\MT5-Tester
Expert   : SniperTurtle_KZ_v1.00.ex5   (as given: SniperTurtle_KZ_v1.00.ex5)
Run      : XAUUSD M3 2025.01.01 - 2025.12.31, model real, deposit 25000
Sets     : 23

MT5 will open and close once per run. Do not use the terminal meanwhile.

[1/23]   running V4_atr30 ... done in 0.8 min, 1 log file(s)
[2/23]   running V4_caps ... done in 0.7 min, 1 log file(s)
[3/23]   running V4_ctrl_50_100 ... done in 0.8 min, 1 log file(s)
[4/23]   running V4_ema_100_200 ... done in 0.7 min, 1 log file(s)
[5/23]   running V4_ema_30_60 ... done in 0.8 min, 1 log file(s)
[6/23]   running V4_ema_35_70 ... done in 0.8 min, 1 log file(s)
[7/23]   running V4_ema_40_80 ... done in 0.8 min, 1 log file(s)
[8/23]   running V4_ema_45_90 ... done in 0.8 min, 1 log file(s)
[9/23]   running V4_ema_50_150 ... done in 0.8 min, 1 log file(s)
[10/23]   running V4_ema_50_200 ... done in 0.8 min, 1 log file(s)
[11/23]   running V4_ema_50_75 ... done in 0.8 min, 1 log file(s)
[12/23]   running V4_ema_55_110 ... done in 0.8 min, 1 log file(s)
[13/23]   running V4_ema_60_120 ... done in 0.8 min, 1 log file(s)
[14/23]   running V4_ema_70_140 ... done in 0.8 min, 1 log file(s)
[15/23]   running V4_ema_80_160 ... done in 0.7 min, 1 log file(s)
[16/23]   running V4_fn25k ... done in 0.7 min, 1 log file(s)
[17/23]   running V4_kz_off ... done in 0.8 min, 1 log file(s)
[18/23]   running V4_nofilter ... done in 0.8 min, 1 log file(s)
[19/23]   running V4_notrail ... done in 0.8 min, 1 log file(s)
[20/23]   running V4_partials ... done in 0.8 min, 1 log file(s)
[21/23]   running V4_sl15 ... done in 0.8 min, 1 log file(s)
[22/23]   running V4_sl30 ... done in 0.8 min, 1 log file(s)
[23/23]   running V4_spread15 ... done in 0.8 min, 1 log file(s)

23 of 23 runs produced a report in 18 min

run                       filter                 trades       net    PF    DD%  win%    avgW    avgL
----------------------------------------------------------------------------------------------------
V4_ema_40_80              Vwap                      511   7455.28  1.21   9.61  29.4  286.45  -96.45
V4_ema_50_75              Vwap                      475   5621.52  1.17   8.09  29.5  273.85  -95.84
V4_ema_45_90              Vwap                      488   3285.13  1.11   8.34  27.2  252.16  -83.59
V4_notrail                Vwap                      488   3279.64  1.07  20.85  21.1  472.89 -116.62
V4_ema_30_60              Vwap                      601    953.43  1.03  10.86  26.6  241.24  -83.66
V4_partials               Vwap                      935    792.05  1.03   8.80  63.3   50.17  -82.73
V4_ctrl_50_100            Vwap                      478    591.50  1.02   9.69  28.9  211.33  -82.49
V4_spread15               Vwap                      478    591.50  1.02   9.69  28.9  211.33  -82.49
V4_ema_35_70              Vwap                      558    -45.59  1.00  17.23  26.3  248.86  -87.46
V4_kz_off                 Vwap                      736   -508.55  0.99  12.14  27.2  220.25  -81.58
V4_atr30                  Vwap                      480  -1037.04  0.96  16.82  26.7  209.34  -77.59
V4_ema_80_160             Vwap                      289  -1171.27  0.93  14.97  23.5  234.06  -75.99
V4_fn25k                  Vwap                       59  -1213.04  0.54   5.14  22.0  109.26  -55.78
V4_nofilter               none                      561  -1313.39  0.96  13.81  27.4  201.53  -78.06
V4_sl30                   Vwap                      480  -1539.35  0.94  18.06  24.2  222.02  -74.04
V4_ema_55_110             Vwap                      420  -2120.21  0.92  19.34  25.0  230.69  -82.14
V4_ema_50_150             Vwap                      376  -2203.37  0.90  17.70  23.9  211.51  -72.89
V4_caps                   Vwap                      250  -2247.78  0.83  10.21  24.0  186.07  -69.13
V4_sl15                   Vwap                      478  -2681.27  0.91  15.48  24.5  226.40  -78.95
V4_ema_70_140             Vwap                      323  -2938.22  0.85  18.48  24.8  201.35  -77.08
V4_ema_60_120             Vwap                      388  -4544.08  0.80  24.42  22.4  212.54  -75.21
V4_ema_100_200            Vwap                      232  -4630.59  0.68  22.19  20.7  202.01  -76.62
V4_ema_50_200             Vwap                      339  -6261.42  0.69  28.28  20.1  206.87  -73.82

Wrote C:\Users\Administrator\Downloads\sniper-ea\turtle-grid\results_v4oos_M3\comparison.csv
