
======================================================================
2026-09-27 09:11:43  run_backtests.py --sets sets_v4 --out results_v4_M15 --period M15 --skip-done --deposit 25000 --symbol XAUUSD --expert SniperTurtle_KZ_v1.00.ex5 --terminal C:\MT5-Tester\terminal64.exe --data-dir C:\MT5-Tester --portable --from 2026.01.01 --to 2026.09.18
======================================================================
Terminal : C:\MT5-Tester\terminal64.exe
Data dir : C:\MT5-Tester
Expert   : SniperTurtle_KZ_v1.00.ex5   (as given: SniperTurtle_KZ_v1.00.ex5)
Run      : XAUUSD M15 2026.01.01 - 2026.09.18, model real, deposit 25000
Sets     : 23

MT5 will open and close once per run. Do not use the terminal meanwhile.

[1/23]   running V4_atr30 ... done in 1.3 min, 1 log file(s)
[2/23]   running V4_caps ... done in 1.3 min, 1 log file(s)
[3/23]   running V4_ctrl_50_100 ... done in 1.3 min, 1 log file(s)
[4/23]   running V4_ema_100_200 ... done in 1.2 min, 1 log file(s)
[5/23]   running V4_ema_30_60 ... done in 1.3 min, 1 log file(s)
[6/23]   running V4_ema_35_70 ... done in 1.3 min, 1 log file(s)
[7/23]   running V4_ema_40_80 ... done in 1.3 min, 1 log file(s)
[8/23]   running V4_ema_45_90 ... done in 1.3 min, 1 log file(s)
[9/23]   running V4_ema_50_150 ... done in 1.2 min, 1 log file(s)
[10/23]   running V4_ema_50_200 ... done in 1.3 min, 1 log file(s)
[11/23]   running V4_ema_50_75 ... done in 1.3 min, 1 log file(s)
[12/23]   running V4_ema_55_110 ... done in 1.3 min, 1 log file(s)
[13/23]   running V4_ema_60_120 ... done in 1.3 min, 1 log file(s)
[14/23]   running V4_ema_70_140 ... done in 1.3 min, 1 log file(s)
[15/23]   running V4_ema_80_160 ... done in 1.2 min, 1 log file(s)
[16/23]   running V4_fn25k ... done in 1.2 min, 1 log file(s)
[17/23]   running V4_kz_off ... done in 1.3 min, 1 log file(s)
[18/23]   running V4_nofilter ... done in 1.2 min, 1 log file(s)
[19/23]   running V4_notrail ... done in 1.3 min, 1 log file(s)
[20/23]   running V4_partials ... done in 1.2 min, 1 log file(s)
[21/23]   running V4_sl15 ... done in 1.3 min, 1 log file(s)
[22/23]   running V4_sl30 ... done in 1.3 min, 1 log file(s)
[23/23]   running V4_spread15 ... done in 1.3 min, 1 log file(s)

23 of 23 runs produced a report in 29 min

run                       filter                 trades       net    PF    DD%  win%    avgW    avgL
----------------------------------------------------------------------------------------------------
V4_notrail                Vwap                       45   4983.20  2.44   4.82  37.8  497.34 -123.57
V4_ema_55_110             Vwap                       43   1369.35  1.74   3.73  34.9  214.98  -65.89
V4_caps                   Vwap                       42   1359.03  1.62   5.45  33.3  253.68  -77.95
V4_nofilter               none                       47   1204.24  1.45   4.45  36.2  229.02  -89.27
V4_ctrl_50_100            Vwap                       45   1094.17  1.43   5.74  35.6  227.87  -87.62
V4_spread15               Vwap                       45   1094.17  1.43   5.74  35.6  227.87  -87.62
V4_sl30                   Vwap                       45    961.31  1.49   3.54  35.6  182.11  -67.09
V4_sl15                   Vwap                       45    925.58  1.36   5.26  31.1  251.37  -83.19
V4_ema_30_60              Vwap                       85    856.32  1.17   4.74  28.2  239.58  -79.86
V4_fn25k                  Vwap                       45    792.09  1.47   3.87  35.6  154.65  -57.76
V4_partials               Vwap                       90    676.64  1.27   5.77  67.8   52.23  -86.18
V4_ema_50_150             Vwap                       43    672.54  1.34   2.73  30.2  203.91  -65.61
V4_ema_60_120             Vwap                       35    650.08  1.40   2.89  28.6  229.23  -65.34
V4_atr30                  Vwap                       45    639.94  1.25   7.06  31.1  230.85  -83.25
V4_ema_100_200            Vwap                       23    503.74  1.48   2.45  30.4  223.25  -65.88
V4_ema_50_200             Vwap                       49    449.65  1.18   5.23  28.6  210.00  -70.83
V4_ema_80_160             Vwap                       33    -73.81  0.96   3.96  21.2  225.28  -63.19
V4_ema_40_80              Vwap                       85   -198.27  0.96   8.86  21.2  254.56  -71.05
V4_ema_70_140             Vwap                       41   -616.05  0.74   4.43  21.9  194.22  -73.57
V4_ema_35_70              Vwap                       93   -756.77  0.86   8.95  23.7  215.55  -77.14
V4_kz_off                 Vwap                      127   -778.90  0.89  10.37  29.1  171.97  -79.06
V4_ema_45_90              Vwap                       65  -1196.47  0.73  10.97  21.5  229.51  -86.17
V4_ema_50_75              Vwap                       65  -1457.11  0.62   8.97  20.0  186.25  -74.31

Wrote C:\Users\Administrator\Downloads\sniper-ea\turtle-grid\results_v4_M15\comparison.csv
