
======================================================================
2026-09-27 13:23:21  run_backtests.py --sets sets_v5 --out results_v5_2023_M15 --period M15 --from 2023.01.01 --to 2023.12.31 --skip-done --deposit 25000 --symbol XAUUSD --expert SniperTurtle_KZ_v1.00.ex5 --terminal C:\MT5-Tester\terminal64.exe --data-dir C:\MT5-Tester --portable
======================================================================
Terminal : C:\MT5-Tester\terminal64.exe
Data dir : C:\MT5-Tester
Expert   : SniperTurtle_KZ_v1.00.ex5   (as given: SniperTurtle_KZ_v1.00.ex5)
Run      : XAUUSD M15 2023.01.01 - 2023.12.31, model real, deposit 25000
Sets     : 11

MT5 will open and close once per run. Do not use the terminal meanwhile.

[1/11]   running V5_ctrl_trail_on ... done in 0.5 min, 1 log file(s)
[2/11]   running V5_ema_30_60 ... done in 0.4 min, 1 log file(s)
[3/11]   running V5_ema_40_80 ... done in 0.4 min, 1 log file(s)
[4/11]   running V5_ema_45_90 ... done in 0.4 min, 1 log file(s)
[5/11]   running V5_fn_r025 ... done in 0.4 min, 1 log file(s)
[6/11]   running V5_fn_r035 ... done in 0.4 min, 1 log file(s)
[7/11]   running V5_fn_r035_nosoft ... done in 0.4 min, 1 log file(s)
[8/11]   running V5_fn_r050 ... done in 0.4 min, 1 log file(s)
[9/11]   running V5_notrail ... done in 0.4 min, 1 log file(s)
[10/11]   running V5_notrail_40_80 ... done in 0.4 min, 1 log file(s)
[11/11]   running V5_notrail_45_90 ... done in 0.4 min, 1 log file(s)

11 of 11 runs produced a report in 5 min

run                       filter                 trades       net    PF    DD%  win%    avgW    avgL
----------------------------------------------------------------------------------------------------
V5_fn_r035                Vwap                       68    577.64  1.12   6.16  22.1  353.53  -88.03
V5_fn_r035_nosoft         Vwap                       68    577.64  1.12   6.16  22.1  353.53  -88.03
V5_ema_40_80              Vwap                      120    360.04  1.05   6.84  30.0  219.87  -88.12
V5_fn_r025                Vwap                       66    122.07  1.04   4.32  19.7  265.79  -62.11
V5_notrail                Vwap                       68    107.53  1.02   8.84  20.6  496.59 -125.20
V5_ema_45_90              Vwap                       91   -265.05  0.96  10.76  27.5  265.96 -103.09
V5_ctrl_trail_on          Vwap                       68   -358.37  0.92   5.55  25.0  248.66  -88.27
V5_fn_r050                Vwap                       35  -1247.80  0.67   7.65  14.3  500.58 -123.78
V5_notrail_45_90          Vwap                       93  -1293.27  0.85  12.18  17.2  469.35 -112.93
V5_notrail_40_80          Vwap                      123  -2212.61  0.80  15.96  17.9  390.44 -105.55
V5_ema_30_60              Vwap                      154  -2465.69  0.75  12.97  22.7  210.41  -81.05

Wrote C:\Users\Administrator\Downloads\sniper-ea\turtle-grid\results_v5_2023_M15\comparison.csv
