
======================================================================
2026-09-27 11:51:04  run_backtests.py --sets sets_v5 --out results_v5_2026_M15 --period M15 --from 2026.01.01 --to 2026.12.31 --skip-done --deposit 25000 --symbol XAUUSD --expert SniperTurtle_KZ_v1.00.ex5 --terminal C:\MT5-Tester\terminal64.exe --data-dir C:\MT5-Tester --portable
======================================================================
Terminal : C:\MT5-Tester\terminal64.exe
Data dir : C:\MT5-Tester
Expert   : SniperTurtle_KZ_v1.00.ex5   (as given: SniperTurtle_KZ_v1.00.ex5)
Run      : XAUUSD M15 2026.01.01 - 2026.12.31, model real, deposit 25000
Sets     : 11

MT5 will open and close once per run. Do not use the terminal meanwhile.

[1/11]   running V5_ctrl_trail_on ... done in 1.4 min, 1 log file(s)
[2/11]   running V5_ema_30_60 ... done in 1.4 min, 1 log file(s)
[3/11]   running V5_ema_40_80 ... done in 1.4 min, 1 log file(s)
[4/11]   running V5_ema_45_90 ... done in 1.3 min, 1 log file(s)
[5/11]   running V5_fn_r025 ... done in 1.4 min, 1 log file(s)
[6/11]   running V5_fn_r035 ... done in 1.4 min, 1 log file(s)
[7/11]   running V5_fn_r035_nosoft ... done in 1.4 min, 1 log file(s)
[8/11]   running V5_fn_r050 ... done in 1.4 min, 1 log file(s)
[9/11]   running V5_notrail ... done in 1.4 min, 1 log file(s)
[10/11]   running V5_notrail_40_80 ... done in 1.4 min, 1 log file(s)
[11/11]   running V5_notrail_45_90 ... done in 1.4 min, 1 log file(s)

11 of 11 runs produced a report in 15 min

run                       filter                 trades       net    PF    DD%  win%    avgW    avgL
----------------------------------------------------------------------------------------------------
V5_fn_r050                Vwap                       47   4704.93  2.25   4.82  36.2  497.34 -124.59
V5_notrail                Vwap                       47   4704.93  2.25   4.82  36.2  497.34 -124.59
V5_notrail_45_90          Vwap                       67   3651.16  1.65   5.16  25.4  545.69 -112.18
V5_fn_r035                Vwap                       47   3178.15  2.29   3.38  36.2  332.41  -82.16
V5_fn_r035_nosoft         Vwap                       47   3178.15  2.29   3.38  36.2  332.41  -82.16
V5_fn_r025                Vwap                       47   2167.83  2.30   2.32  36.2  225.24  -55.19
V5_notrail_40_80          Vwap                       88   2159.36  1.28   5.57  23.9  464.99 -113.18
V5_ctrl_trail_on          Vwap                       47    967.27  1.36   5.74  34.0  227.87  -86.04
V5_ema_30_60              Vwap                       90    599.08  1.11   4.74  27.8  234.52  -80.62
V5_ema_40_80              Vwap                       87   -313.31  0.94   8.86  20.7  254.56  -70.65
V5_ema_45_90              Vwap                       66  -1314.55  0.71  10.97  21.2  229.51  -86.78

Wrote C:\Users\Administrator\Downloads\sniper-ea\turtle-grid\results_v5_2026_M15\comparison.csv
