
======================================================================
2026-09-27 15:04:05  run_backtests.py --sets sets_v6 --out results_v6_2026_M3 --period M3 --from 2026.01.01 --to 2026.12.31 --skip-done --deposit 25000 --symbol XAUUSD --expert SniperTurtle_KZ_v1.00.ex5 --terminal C:\MT5-Tester\terminal64.exe --data-dir C:\MT5-Tester --portable
======================================================================
Terminal : C:\MT5-Tester\terminal64.exe
Data dir : C:\MT5-Tester
Expert   : SniperTurtle_KZ_v1.00.ex5   (as given: SniperTurtle_KZ_v1.00.ex5)
Run      : XAUUSD M3 2026.01.01 - 2026.12.31, model real, deposit 25000
Sets     : 14

MT5 will open and close once per run. Do not use the terminal meanwhile.

[1/14]   running KZFN_all ... done in 1.3 min, 1 log file(s)
[2/14]   running KZFN_asia ... done in 1.4 min, 1 log file(s)
[3/14]   running KZFN_asia_london ... done in 1.4 min, 1 log file(s)
[4/14]   running KZFN_asia_ny ... done in 1.5 min, 1 log file(s)
[5/14]   running KZFN_london ... done in 1.3 min, 1 log file(s)
[6/14]   running KZFN_london_ny ... done in 1.3 min, 1 log file(s)
[7/14]   running KZFN_ny ... done in 1.3 min, 1 log file(s)
[8/14]   running KZ_all ... done in 1.5 min, 1 log file(s)
[9/14]   running KZ_asia ... done in 1.4 min, 1 log file(s)
[10/14]   running KZ_asia_london ... done in 1.4 min, 1 log file(s)
[11/14]   running KZ_asia_ny ... done in 1.5 min, 1 log file(s)
[12/14]   running KZ_london ... done in 1.3 min, 1 log file(s)
[13/14]   running KZ_london_ny ... done in 1.4 min, 1 log file(s)
[14/14]   running KZ_ny ... done in 1.4 min, 1 log file(s)

14 of 14 runs produced a report in 19 min

run                       filter                 trades       net    PF    DD%  win%    avgW    avgL
----------------------------------------------------------------------------------------------------
KZFN_asia                 Vwap                      139   9327.90  1.63   5.30  25.9  667.78 -141.96
KZFN_asia_ny              Vwap                      205   7555.81  1.38   6.54  23.4  572.74 -126.22
KZ_asia                   Vwap                      144   4280.96  1.28   5.78  22.2  607.00 -134.45
KZ_asia_ny                Vwap                      225   3796.74  1.17   8.41  22.7  505.73 -125.70
KZ_asia_london            Vwap                      235   3593.83  1.16  13.75  20.4  535.16 -117.46
KZ_all                    Vwap                      332   1213.11  1.04  15.51  20.5  456.62 -112.37
KZ_ny                     Vwap                       95    563.77  1.06   7.32  20.0  522.99 -122.71
KZFN_ny                   Vwap                       88    267.77  1.03   7.70  18.2  544.26 -116.63
KZ_london                 Vwap                       79   -137.76  0.98  13.49  16.5  550.19 -109.83
KZFN_asia_london          Vwap                       75  -1201.45  0.83  10.62  16.0  490.60 -111.93
KZFN_london_ny            Vwap                       26  -1203.57  0.46   6.32  11.5  342.11  -96.30
KZFN_london               Vwap                       11  -1208.79  0.00   4.84   0.0    0.00 -109.30
KZFN_all                  Vwap                       44  -1221.44  0.67   4.89  13.6  407.60  -95.93
KZ_london_ny              Vwap                      175  -1478.40  0.91  13.18  17.7  465.62 -109.92

Wrote C:\Users\Administrator\Downloads\sniper-ea\turtle-grid\results_v6_2026_M3\comparison.csv
