
======================================================================
2026-09-27 16:19:02  run_backtests.py --sets sets_v6 --out results_v6_2023_M15 --period M15 --from 2023.01.01 --to 2023.12.31 --skip-done --deposit 25000 --symbol XAUUSD --expert SniperTurtle_KZ_v1.00.ex5 --terminal C:\MT5-Tester\terminal64.exe --data-dir C:\MT5-Tester --portable
======================================================================
Terminal : C:\MT5-Tester\terminal64.exe
Data dir : C:\MT5-Tester
Expert   : SniperTurtle_KZ_v1.00.ex5   (as given: SniperTurtle_KZ_v1.00.ex5)
Run      : XAUUSD M15 2023.01.01 - 2023.12.31, model real, deposit 25000
Sets     : 14

MT5 will open and close once per run. Do not use the terminal meanwhile.

[1/14]   running KZFN_all ... done in 0.4 min, 1 log file(s)
[2/14]   running KZFN_asia ... done in 0.4 min, 1 log file(s)
[3/14]   running KZFN_asia_london ... done in 0.4 min, 1 log file(s)
[4/14]   running KZFN_asia_ny ... done in 0.4 min, 1 log file(s)
[5/14]   running KZFN_london ... done in 0.4 min, 1 log file(s)
[6/14]   running KZFN_london_ny ... done in 0.4 min, 1 log file(s)
[7/14]   running KZFN_ny ... done in 0.4 min, 1 log file(s)
[8/14]   running KZ_all ... done in 0.4 min, 1 log file(s)
[9/14]   running KZ_asia ... done in 0.4 min, 1 log file(s)
[10/14]   running KZ_asia_london ... done in 0.4 min, 1 log file(s)
[11/14]   running KZ_asia_ny ... done in 0.4 min, 1 log file(s)
[12/14]   running KZ_london ... done in 0.4 min, 1 log file(s)
[13/14]   running KZ_london_ny ... done in 0.4 min, 1 log file(s)
[14/14]   running KZ_ny ... done in 0.4 min, 1 log file(s)

14 of 14 runs produced a report in 6 min

run                       filter                 trades       net    PF    DD%  win%    avgW    avgL
----------------------------------------------------------------------------------------------------
KZFN_ny                   Vwap                       24   1462.90  1.71   2.57  33.3  441.94 -128.04
KZ_ny                     Vwap                       24   1462.90  1.71   2.57  33.3  441.94 -128.04
KZ_london_ny              Vwap                       54   1122.85  1.22   6.55  24.1  482.27 -124.07
KZFN_asia_ny              Vwap                       38    901.87  1.24   4.49  23.7  523.56 -129.67
KZ_asia_ny                Vwap                       38    151.06  1.04   4.45  21.1  501.87 -127.19
KZ_all                    Vwap                       68    107.53  1.02   8.84  20.6  496.59 -125.20
KZFN_asia                 Vwap                       12   -771.78  0.45   5.45   8.3  625.80 -125.41
KZ_asia                   Vwap                       12   -771.78  0.45   5.45   8.3  625.80 -125.41
KZFN_asia_london          Vwap                       16  -1208.15  0.34   7.15   6.2  625.80 -120.97
KZFN_london               Vwap                       10  -1221.98  0.00   4.89   0.0    0.00 -121.20
KZFN_london_ny            Vwap                       30  -1229.90  0.60   5.29  13.3  457.32 -116.59
KZFN_all                  Vwap                       35  -1247.80  0.67   7.65  14.3  500.58 -123.78
KZ_london                 Vwap                       25  -1634.55  0.41   9.58   8.0  558.48 -118.19
KZ_asia_london            Vwap                       37  -1710.24  0.58  11.29  10.8  580.94 -120.68

Wrote C:\Users\Administrator\Downloads\sniper-ea\turtle-grid\results_v6_2023_M15\comparison.csv
