
======================================================================
2026-09-27 12:53:21  run_backtests.py --sets sets_v5 --out results_v5_2025_M3 --period M3 --from 2025.01.01 --to 2025.12.31 --skip-done --deposit 25000 --symbol XAUUSD --expert SniperTurtle_KZ_v1.00.ex5 --terminal C:\MT5-Tester\terminal64.exe --data-dir C:\MT5-Tester --portable
======================================================================
Terminal : C:\MT5-Tester\terminal64.exe
Data dir : C:\MT5-Tester
Expert   : SniperTurtle_KZ_v1.00.ex5   (as given: SniperTurtle_KZ_v1.00.ex5)
Run      : XAUUSD M3 2025.01.01 - 2025.12.31, model real, deposit 25000
Sets     : 11

MT5 will open and close once per run. Do not use the terminal meanwhile.

[1/11]   running V5_ctrl_trail_on ... done in 0.8 min, 1 log file(s)
[2/11]   running V5_ema_30_60 ... done in 0.8 min, 1 log file(s)
[3/11]   running V5_ema_40_80 ... done in 0.8 min, 1 log file(s)
[4/11]   running V5_ema_45_90 ... done in 0.8 min, 1 log file(s)
[5/11]   running V5_fn_r025 ... done in 0.7 min, 1 log file(s)
[6/11]   running V5_fn_r035 ... done in 0.7 min, 1 log file(s)
[7/11]   running V5_fn_r035_nosoft ... done in 0.7 min, 1 log file(s)
[8/11]   running V5_fn_r050 ... done in 0.7 min, 1 log file(s)
[9/11]   running V5_notrail ... done in 0.8 min, 1 log file(s)
[10/11]   running V5_notrail_40_80 ... done in 0.8 min, 1 log file(s)
[11/11]   running V5_notrail_45_90 ... done in 0.8 min, 1 log file(s)

11 of 11 runs produced a report in 8 min

run                       filter                 trades       net    PF    DD%  win%    avgW    avgL
----------------------------------------------------------------------------------------------------
V5_ema_40_80              Vwap                      511   7455.28  1.21   9.61  29.4  286.45  -96.45
V5_notrail_45_90          Vwap                      496   5965.09  1.12  13.62  20.4  563.63 -127.50
V5_notrail_40_80          Vwap                      521   3552.53  1.07  19.67  20.7  518.32 -125.37
V5_ema_45_90              Vwap                      488   3285.13  1.11   8.34  27.2  252.16  -83.59
V5_notrail                Vwap                      488   3279.64  1.07  20.85  21.1  472.89 -116.62
V5_ema_30_60              Vwap                      601    953.43  1.03  10.86  26.6  241.24  -83.66
V5_ctrl_trail_on          Vwap                      478    591.50  1.02   9.69  28.9  211.33  -82.49
V5_fn_r025                Vwap                       93  -1207.91  0.75   6.66  14.0  281.08  -59.84
V5_fn_r035                Vwap                       71  -1219.30  0.76   7.42  15.5  351.03  -83.39
V5_fn_r035_nosoft         Vwap                       71  -1230.00  0.76   7.46  15.5  354.24  -84.17
V5_fn_r050                Vwap                       69  -1244.41  0.82   8.55  14.5  555.23 -113.39

Wrote C:\Users\Administrator\Downloads\sniper-ea\turtle-grid\results_v5_2025_M3\comparison.csv
