
======================================================================
2026-09-27 14:45:21  run_backtests.py --sets sets_v6 --out results_v6_2026_M5 --period M5 --from 2026.01.01 --to 2026.12.31 --skip-done --deposit 25000 --symbol XAUUSD --expert SniperTurtle_KZ_v1.00.ex5 --terminal C:\MT5-Tester\terminal64.exe --data-dir C:\MT5-Tester --portable
======================================================================
Terminal : C:\MT5-Tester\terminal64.exe
Data dir : C:\MT5-Tester
Expert   : SniperTurtle_KZ_v1.00.ex5   (as given: SniperTurtle_KZ_v1.00.ex5)
Run      : XAUUSD M5 2026.01.01 - 2026.12.31, model real, deposit 25000
Sets     : 14

MT5 will open and close once per run. Do not use the terminal meanwhile.

[1/14]   running KZFN_all ... done in 1.5 min, 1 log file(s)
[2/14]   running KZFN_asia ... done in 1.4 min, 1 log file(s)
[3/14]   running KZFN_asia_london ... done in 1.3 min, 1 log file(s)
[4/14]   running KZFN_asia_ny ... done in 1.4 min, 1 log file(s)
[5/14]   running KZFN_london ... done in 1.2 min, 1 log file(s)
[6/14]   running KZFN_london_ny ... done in 1.2 min, 1 log file(s)
[7/14]   running KZFN_ny ... done in 1.3 min, 1 log file(s)
[8/14]   running KZ_all ... done in 1.5 min, 1 log file(s)
[9/14]   running KZ_asia ... done in 1.3 min, 1 log file(s)
[10/14]   running KZ_asia_london ... done in 1.4 min, 1 log file(s)
[11/14]   running KZ_asia_ny ... done in 1.4 min, 1 log file(s)
[12/14]   running KZ_london ... done in 1.3 min, 1 log file(s)
[13/14]   running KZ_london_ny ... done in 1.3 min, 1 log file(s)
[14/14]   running KZ_ny ... done in 1.3 min, 1 log file(s)

14 of 14 runs produced a report in 19 min

run                       filter                 trades       net    PF    DD%  win%    avgW    avgL
----------------------------------------------------------------------------------------------------
KZ_all                    Vwap                      205  10936.52  1.55   7.42  25.9  581.15 -130.05
KZFN_all                  Vwap                      179   8827.21  1.52   7.63  25.1  571.46 -125.40
KZ_asia_london            Vwap                      147   5987.73  1.44   8.20  22.4  589.72 -117.59
KZFN_asia                 Vwap                       94   4317.39  1.49   8.94  21.3  657.27 -118.70
KZFN_asia_ny              Vwap                      139   4111.52  1.32   9.40  22.3  544.87 -117.76
KZ_asia_ny                Vwap                      143   3923.57  1.29   7.16  22.4  541.40 -120.18
KZ_asia                   Vwap                       96   3014.99  1.33  12.31  19.8  640.12 -118.23
KZ_london_ny              Vwap                       86   2416.53  1.30   7.53  23.3  518.70 -120.05
KZ_london                 Vwap                       40   1011.76  1.27   5.42  20.0  594.17 -116.38
KZFN_ny                   Vwap                       42    373.05  1.10   4.03  23.8  406.04 -114.81
KZ_ny                     Vwap                       42    300.80  1.08   4.36  23.8  406.04 -117.07
KZFN_london_ny            Vwap                       19  -1202.40  0.32   5.77  10.5  287.28 -104.09
KZFN_london               Vwap                       11  -1213.16  0.00   4.85   0.0    0.00 -109.86
KZFN_asia_london          Vwap                       60  -1214.30  0.78   8.51  13.3  525.06 -103.67

Wrote C:\Users\Administrator\Downloads\sniper-ea\turtle-grid\results_v6_2026_M5\comparison.csv
