
======================================================================
2026-09-27 13:32:54  run_backtests.py --sets sets_v5 --out results_v5_2023_M3 --period M3 --from 2023.01.01 --to 2023.12.31 --skip-done --deposit 25000 --symbol XAUUSD --expert SniperTurtle_KZ_v1.00.ex5 --terminal C:\MT5-Tester\terminal64.exe --data-dir C:\MT5-Tester --portable
======================================================================
Terminal : C:\MT5-Tester\terminal64.exe
Data dir : C:\MT5-Tester
Expert   : SniperTurtle_KZ_v1.00.ex5   (as given: SniperTurtle_KZ_v1.00.ex5)
Run      : XAUUSD M3 2023.01.01 - 2023.12.31, model real, deposit 25000
Sets     : 11

MT5 will open and close once per run. Do not use the terminal meanwhile.

[1/11]   running V5_ctrl_trail_on ... done in 0.5 min, 1 log file(s)
[2/11]   running V5_ema_30_60 ... done in 0.5 min, 1 log file(s)
[3/11]   running V5_ema_40_80 ... done in 0.5 min, 1 log file(s)
[4/11]   running V5_ema_45_90 ... done in 0.5 min, 1 log file(s)
[5/11]   running V5_fn_r025 ... done in 0.5 min, 1 log file(s)
[6/11]   running V5_fn_r035 ... done in 0.5 min, 1 log file(s)
[7/11]   running V5_fn_r035_nosoft ... done in 0.4 min, 1 log file(s)
[8/11]   running V5_fn_r050 ... done in 0.4 min, 1 log file(s)
[9/11]   running V5_notrail ... done in 0.5 min, 1 log file(s)
[10/11]   running V5_notrail_40_80 ... done in 0.5 min, 1 log file(s)
[11/11]   running V5_notrail_45_90 ... done in 0.5 min, 1 log file(s)

11 of 11 runs produced a report in 5 min

run                       filter                 trades       net    PF    DD%  win%    avgW    avgL
----------------------------------------------------------------------------------------------------
V5_notrail_45_90          Vwap                      603    605.40  1.01  27.60  21.2  471.74 -122.16
V5_notrail                Vwap                      557   -278.85  1.00  20.06  20.8  500.74 -128.59
V5_fn_r035_nosoft         Vwap                      257  -1203.23  0.94  12.58  17.5  396.17  -87.48
V5_fn_r025                Vwap                      281  -1203.35  0.92  10.37  18.5  254.01  -61.24
V5_fn_r035                Vwap                      259  -1217.62  0.94  12.45  17.0  403.72  -86.00
V5_fn_r050                Vwap                      242  -1227.98  0.95  16.88  18.6  523.30 -122.27
V5_notrail_40_80          Vwap                      647  -4783.97  0.92  43.81  21.2  388.00 -110.26
V5_ctrl_trail_on          Vwap                      551  -7075.13  0.81  38.22  25.8  209.28  -86.30
V5_ema_40_80              Vwap                      628  -7169.16  0.82  34.04  25.2  209.81  -82.10
V5_ema_45_90              Vwap                      592  -7323.15  0.80  35.79  25.8  191.06  -79.63
V5_ema_30_60              Vwap                      712  -8722.58  0.80  41.61  22.8  214.96  -75.46

Wrote C:\Users\Administrator\Downloads\sniper-ea\turtle-grid\results_v5_2023_M3\comparison.csv
