
======================================================================
2026-09-27 12:45:37  run_backtests.py --sets sets_v5 --out results_v5_2025_M5 --period M5 --from 2025.01.01 --to 2025.12.31 --skip-done --deposit 25000 --symbol XAUUSD --expert SniperTurtle_KZ_v1.00.ex5 --terminal C:\MT5-Tester\terminal64.exe --data-dir C:\MT5-Tester --portable
======================================================================
Terminal : C:\MT5-Tester\terminal64.exe
Data dir : C:\MT5-Tester
Expert   : SniperTurtle_KZ_v1.00.ex5   (as given: SniperTurtle_KZ_v1.00.ex5)
Run      : XAUUSD M5 2025.01.01 - 2025.12.31, model real, deposit 25000
Sets     : 11

MT5 will open and close once per run. Do not use the terminal meanwhile.

[1/11]   running V5_ctrl_trail_on ... done in 0.7 min, 1 log file(s)
[2/11]   running V5_ema_30_60 ... done in 0.7 min, 1 log file(s)
[3/11]   running V5_ema_40_80 ... done in 0.7 min, 1 log file(s)
[4/11]   running V5_ema_45_90 ... done in 0.7 min, 1 log file(s)
[5/11]   running V5_fn_r025 ... done in 0.7 min, 1 log file(s)
[6/11]   running V5_fn_r035 ... done in 0.7 min, 1 log file(s)
[7/11]   running V5_fn_r035_nosoft ... done in 0.7 min, 1 log file(s)
[8/11]   running V5_fn_r050 ... done in 0.7 min, 1 log file(s)
[9/11]   running V5_notrail ... done in 0.7 min, 1 log file(s)
[10/11]   running V5_notrail_40_80 ... done in 0.7 min, 1 log file(s)
[11/11]   running V5_notrail_45_90 ... done in 0.7 min, 1 log file(s)

11 of 11 runs produced a report in 8 min

run                       filter                 trades       net    PF    DD%  win%    avgW    avgL
----------------------------------------------------------------------------------------------------
V5_notrail_45_90          Vwap                      309   2923.42  1.09  17.22  21.0  524.42 -126.59
V5_ema_30_60              Vwap                      462   -738.63  0.97  13.70  25.1  242.51  -82.28
V5_fn_r025                Vwap                      261   -775.19  0.94  10.10  18.4  245.43  -58.42
V5_fn_r035_nosoft         Vwap                      198  -1206.33  0.91  13.20  18.2  354.42  -85.36
V5_fn_r035                Vwap                      200  -1238.25  0.91  13.05  18.0  354.42  -84.50
V5_fn_r050                Vwap                      182  -1241.00  0.93  14.28  18.7  492.76 -120.36
V5_ema_45_90              Vwap                      304  -1345.52  0.93  15.81  23.4  241.29  -78.23
V5_notrail                Vwap                      282  -1909.21  0.93  20.13  18.8  479.18 -118.20
V5_ctrl_trail_on          Vwap                      278  -2244.43  0.87  17.23  24.1  225.67  -81.22
V5_notrail_40_80          Vwap                      356  -2610.50  0.92  36.44  18.8  443.05 -110.73
V5_ema_40_80              Vwap                      349  -3028.21  0.85  21.31  23.8  203.44  -73.80

Wrote C:\Users\Administrator\Downloads\sniper-ea\turtle-grid\results_v5_2025_M5\comparison.csv
