
======================================================================
2026-09-27 15:33:08  run_backtests.py --sets sets_v6 --out results_v6_2025_M5 --period M5 --from 2025.01.01 --to 2025.12.31 --skip-done --deposit 25000 --symbol XAUUSD --expert SniperTurtle_KZ_v1.00.ex5 --terminal C:\MT5-Tester\terminal64.exe --data-dir C:\MT5-Tester --portable
======================================================================
Terminal : C:\MT5-Tester\terminal64.exe
Data dir : C:\MT5-Tester
Expert   : SniperTurtle_KZ_v1.00.ex5   (as given: SniperTurtle_KZ_v1.00.ex5)
Run      : XAUUSD M5 2025.01.01 - 2025.12.31, model real, deposit 25000
Sets     : 14

MT5 will open and close once per run. Do not use the terminal meanwhile.

[1/14]   running KZFN_all ... done in 0.7 min, 1 log file(s)
[2/14]   running KZFN_asia ... done in 0.6 min, 1 log file(s)
[3/14]   running KZFN_asia_london ... done in 0.7 min, 1 log file(s)
[4/14]   running KZFN_asia_ny ... done in 0.6 min, 1 log file(s)
[5/14]   running KZFN_london ... done in 0.6 min, 1 log file(s)
[6/14]   running KZFN_london_ny ... done in 0.7 min, 1 log file(s)
[7/14]   running KZFN_ny ... done in 0.7 min, 1 log file(s)
[8/14]   running KZ_all ... done in 0.7 min, 1 log file(s)
[9/14]   running KZ_asia ... done in 0.6 min, 1 log file(s)
[10/14]   running KZ_asia_london ... done in 0.7 min, 1 log file(s)
[11/14]   running KZ_asia_ny ... done in 0.7 min, 1 log file(s)
[12/14]   running KZ_london ... done in 0.7 min, 1 log file(s)
[13/14]   running KZ_london_ny ... done in 0.7 min, 1 log file(s)
[14/14]   running KZ_ny ... done in 0.7 min, 1 log file(s)

14 of 14 runs produced a report in 9 min

run                       filter                 trades       net    PF    DD%  win%    avgW    avgL
----------------------------------------------------------------------------------------------------
KZFN_london_ny            Vwap                      129   2386.01  1.17   8.24  23.3  537.10 -137.57
KZ_london_ny              Vwap                      148   1223.97  1.08  10.11  21.6  533.01 -135.43
KZFN_ny                   Vwap                       69    422.43  1.06   6.50  21.7  482.76 -125.40
KZFN_london               Vwap                       54   -116.10  0.98   5.80  16.7  614.18 -124.33
KZ_ny                     Vwap                       73   -151.67  0.98   8.30  20.6  471.51 -123.70
KZ_london                 Vwap                       56   -360.71  0.94   5.82  16.1  612.86 -123.94
KZFN_asia_london          Vwap                      102  -1203.14  0.88  10.92  16.7  537.17 -120.27
KZFN_asia_ny              Vwap                       35  -1219.83  0.65   8.40  14.3  453.79 -114.87
KZFN_all                  Vwap                      182  -1241.00  0.93  14.28  18.7  492.76 -120.36
KZFN_asia                 Vwap                       23  -1248.85  0.49   7.27   8.7  608.71 -115.87
KZ_asia_london            Vwap                      171  -1551.38  0.91  13.05  17.0  524.17 -116.86
KZ_all                    Vwap                      282  -1909.21  0.93  20.13  18.8  479.18 -118.20
KZ_asia                   Vwap                      102  -3168.38  0.68  19.56  13.7  470.84 -109.81
KZ_asia_ny                Vwap                      199  -4503.11  0.75  23.82  16.6  400.54 -105.82

Wrote C:\Users\Administrator\Downloads\sniper-ea\turtle-grid\results_v6_2025_M5\comparison.csv
