
======================================================================
2026-09-29 10:17:04  run_backtests.py --sets sets_orb --out results_orb_2024_H1 --period H1 --expert GOLD_ORB_single.ex5 --skip-done --portable --deposit 25000 --from 2024.01.01 --to 2024.12.31 --terminal C:\MT5-Tester\terminal64.exe --data-dir C:\MT5-Tester
======================================================================
Terminal : C:\MT5-Tester\terminal64.exe
Data dir : C:\MT5-Tester
Expert   : GOLD_ORB_single.ex5   (as given: GOLD_ORB_single.ex5)
Run      : XAUUSD H1 2024.01.01 - 2024.12.31, model real, deposit 25000
Sets     : 19

MT5 will open and close once per run. Do not use the terminal meanwhile.

[1/19]   running ORB_1perday ... done in 0.5 min, no EA logs found
[2/19]   running ORB_4perday ... done in 0.9 min, no EA logs found
[3/19]   running ORB_comp2 ... done in 0.6 min, no EA logs found
[4/19]   running ORB_comp4 ... done in 0.6 min, no EA logs found
[5/19]   running ORB_comp6 ... done in 0.5 min, no EA logs found
[6/19]   running ORB_ctrl ... done in 0.6 min, no EA logs found
[7/19]   running ORB_dd10 ... done in 0.6 min, no EA logs found
[8/19]   running ORB_dd6 ... done in 3.7 min, no EA logs found
[9/19]   running ORB_fn25k ... done in 5.3 min, no EA logs found
[10/19]   running ORB_longs ... done in 0.6 min, no EA logs found
[11/19]   running ORB_notrail ... done in 0.5 min, no EA logs found
[12/19]   running ORB_risk035 ... done in 0.6 min, no EA logs found
[13/19]   running ORB_risk05 ... done in 0.6 min, no EA logs found
[14/19]   running ORB_rr2 ... done in 0.6 min, no EA logs found
[15/19]   running ORB_rr4 ... done in 0.6 min, no EA logs found
[16/19]   running ORB_rr6 ... done in 0.6 min, no EA logs found
[17/19]   running ORB_shorts ... done in 0.5 min, no EA logs found
[18/19]   running ORB_sl300 ... done in 0.5 min, no EA logs found
[19/19]   running ORB_sl600 ... done in 0.6 min, no EA logs found

19 of 19 runs produced a report in 19 min

run                       filter                 trades       net    PF    DD%  win%    avgW    avgL
----------------------------------------------------------------------------------------------------
ORB_longs                 none                      167   -234.90  0.94   2.24  31.7   71.71  -34.89
ORB_comp6                 none                      191   -526.50  0.89   4.49  30.4   71.58  -34.67
ORB_sl600                 none                      317   -535.13  0.94   5.89  35.3   73.49  -42.22
ORB_sl300                 none                      317   -810.89  0.88   5.75  26.8   67.79  -27.85
ORB_fn25k                 none                       28  -1012.44  0.45   5.20  10.7  276.09  -72.78
ORB_shorts                none                      150  -1294.16  0.66   6.49  27.3   61.55  -34.54
ORB_dd6                   none                      146  -1406.69  0.63   6.14  24.0   69.72  -34.20
ORB_comp4                 none                      271  -1451.85  0.79   7.02  28.8   68.74  -34.81
ORB_comp2                 none                      352  -1469.87  0.82   7.33  31.8   61.84  -34.47
ORB_ctrl                  none                      317  -1529.06  0.81   7.50  29.6   67.28  -34.72
ORB_dd10                  none                      317  -1529.06  0.81   7.50  29.6   67.28  -34.72
ORB_rr2                   none                      317  -1529.06  0.81   7.50  29.6   67.28  -34.72
ORB_rr4                   none                      317  -1529.06  0.81   7.50  29.6   67.28  -34.72
ORB_rr6                   none                      317  -1529.06  0.81   7.50  29.6   67.28  -34.72
ORB_1perday               none                      235  -1886.32  0.68   8.34  27.2   62.98  -34.12
ORB_notrail               none                      317  -1896.99  0.81   9.85  21.8  119.83  -40.54
ORB_risk035               none                      317  -3215.31  0.79  15.40  29.6  131.82  -69.00
ORB_4perday               none                     1504  -4169.76  0.88  19.56  31.9   65.86  -34.33
ORB_risk05                none                      317  -4536.96  0.79  21.28  29.6  179.48  -94.65

Wrote C:\Users\Administrator\Downloads\sniper-ea\orb-grid\results_orb_2024_H1\comparison.csv
