
======================================================================
2026-09-27 12:06:21  run_backtests.py --sets sets_v5 --out results_v5_2026_M5 --period M5 --from 2026.01.01 --to 2026.12.31 --skip-done --deposit 25000 --symbol XAUUSD --expert SniperTurtle_KZ_v1.00.ex5 --terminal C:\MT5-Tester\terminal64.exe --data-dir C:\MT5-Tester --portable
======================================================================
Terminal : C:\MT5-Tester\terminal64.exe
Data dir : C:\MT5-Tester
Expert   : SniperTurtle_KZ_v1.00.ex5   (as given: SniperTurtle_KZ_v1.00.ex5)
Run      : XAUUSD M5 2026.01.01 - 2026.12.31, model real, deposit 25000
Sets     : 11

MT5 will open and close once per run. Do not use the terminal meanwhile.

[1/11]   running V5_ctrl_trail_on ... done in 1.3 min, 1 log file(s)
[2/11]   running V5_ema_30_60 ... done in 1.4 min, 1 log file(s)
[3/11]   running V5_ema_40_80 ... done in 1.4 min, 1 log file(s)
[4/11]   running V5_ema_45_90 ... done in 1.4 min, 1 log file(s)
[5/11]   running V5_fn_r025 ... done in 1.5 min, 1 log file(s)
[6/11]   running V5_fn_r035 ... done in 1.5 min, 1 log file(s)
[7/11]   running V5_fn_r035_nosoft ... done in 1.5 min, 1 log file(s)
[8/11]   running V5_fn_r050 ... done in 1.4 min, 1 log file(s)
[9/11]   running V5_notrail ... done in 1.4 min, 1 log file(s)
[10/11]   running V5_notrail_40_80 ... done in 1.4 min, 1 log file(s)
[11/11]   running V5_notrail_45_90 ... done in 1.5 min, 1 log file(s)

11 of 11 runs produced a report in 16 min

run                       filter                 trades       net    PF    DD%  win%    avgW    avgL
----------------------------------------------------------------------------------------------------
V5_notrail                Vwap                      205  10936.52  1.55   7.42  25.9  581.15 -130.05
V5_notrail_45_90          Vwap                      228  10216.41  1.46   7.46  25.9  548.98 -130.56
V5_fn_r050                Vwap                      179   8827.21  1.52   7.63  25.1  571.46 -125.40
V5_fn_r035_nosoft         Vwap                      188   6463.39  1.55   5.05  26.6  364.52  -84.81
V5_fn_r035                Vwap                      189   6453.91  1.55   5.05  26.5  364.52  -84.27
V5_notrail_40_80          Vwap                      260   6118.70  1.25  10.47  23.9  495.27 -123.59
V5_ctrl_trail_on          Vwap                      202   4925.47  1.43   6.90  30.7  265.34  -81.69
V5_fn_r025                Vwap                      188   4692.92  1.59   3.29  26.6  253.01  -57.37
V5_ema_40_80              Vwap                      256   2995.80  1.19   5.15  30.1  241.08  -86.35
V5_ema_45_90              Vwap                      226   2425.76  1.18   4.29  29.6  238.29  -84.56
V5_ema_30_60              Vwap                      339     98.48  1.01  14.79  26.6  211.38  -75.48

Wrote C:\Users\Administrator\Downloads\sniper-ea\turtle-grid\results_v5_2026_M5\comparison.csv
