
======================================================================
2026-09-29 10:06:56  run_backtests.py --sets sets_orb --out results_orb_2023_H1 --period H1 --expert GOLD_ORB_single.ex5 --skip-done --portable --deposit 25000 --from 2023.01.01 --to 2023.12.31 --terminal C:\MT5-Tester\terminal64.exe --data-dir C:\MT5-Tester
======================================================================
Terminal : C:\MT5-Tester\terminal64.exe
Data dir : C:\MT5-Tester
Expert   : GOLD_ORB_single.ex5   (as given: GOLD_ORB_single.ex5)
Run      : XAUUSD H1 2023.01.01 - 2023.12.31, model real, deposit 25000
Sets     : 19

MT5 will open and close once per run. Do not use the terminal meanwhile.

[1/19]   running ORB_1perday ... done in 0.5 min, no EA logs found
[2/19]   running ORB_4perday ... done in 0.8 min, no EA logs found
[3/19]   running ORB_comp2 ... done in 0.5 min, no EA logs found
[4/19]   running ORB_comp4 ... done in 0.5 min, no EA logs found
[5/19]   running ORB_comp6 ... done in 0.5 min, no EA logs found
[6/19]   running ORB_ctrl ... done in 0.4 min, no EA logs found
[7/19]   running ORB_dd10 ... done in 0.5 min, no EA logs found
[8/19]   running ORB_dd6 ... done in 0.4 min, no EA logs found
[9/19]   running ORB_fn25k ... done in 1.7 min, no EA logs found
[10/19]   running ORB_longs ... done in 0.5 min, no EA logs found
[11/19]   running ORB_notrail ... done in 0.4 min, no EA logs found
[12/19]   running ORB_risk035 ... done in 0.5 min, no EA logs found
[13/19]   running ORB_risk05 ... done in 0.4 min, no EA logs found
[14/19]   running ORB_rr2 ... done in 0.5 min, no EA logs found
[15/19]   running ORB_rr4 ... done in 0.4 min, no EA logs found
[16/19]   running ORB_rr6 ... done in 0.4 min, no EA logs found
[17/19]   running ORB_shorts ... done in 0.4 min, no EA logs found
[18/19]   running ORB_sl300 ... done in 0.4 min, no EA logs found
[19/19]   running ORB_sl600 ... done in 0.5 min, no EA logs found

19 of 19 runs produced a report in 10 min

run                       filter                 trades       net    PF    DD%  win%    avgW    avgL
----------------------------------------------------------------------------------------------------
ORB_4perday               none                     1432   4516.87  1.13  35.16  30.6   88.15  -33.79
ORB_comp4                 none                      276   1362.03  1.22   5.59  32.6   84.37  -32.98
ORB_comp6                 none                      212   1272.55  1.29   3.77  35.4   76.16  -31.86
ORB_sl600                 none                      309   1106.90  1.14   7.07  36.2   82.21  -40.57
ORB_longs                 none                      153    527.33  1.16   3.45  32.0   79.02  -31.65
ORB_1perday               none                      230    365.94  1.07   4.47  30.4   81.43  -32.84
ORB_fn25k                 none                      128    204.45  1.03   5.12  30.5  172.32  -72.08
ORB_notrail               none                      309     58.11  1.01   4.69  25.9  117.98  -40.49
ORB_comp2                 none                      352     37.92  1.00   7.66  31.0   75.50  -33.20
ORB_ctrl                  none                      309     27.03  1.00   6.37  30.7   75.76  -33.00
ORB_dd10                  none                      309     27.03  1.00   6.37  30.7   75.76  -33.00
ORB_rr2                   none                      309     27.03  1.00   6.37  30.7   75.76  -33.00
ORB_rr4                   none                      309     27.03  1.00   6.37  30.7   75.76  -33.00
ORB_rr6                   none                      309      6.03  1.00   6.37  30.7   75.54  -33.00
ORB_sl300                 none                      309    -92.82  0.99   5.23  26.9   74.35  -27.24
ORB_risk035               none                      309    -93.87  0.99  13.35  30.7  162.75  -71.59
ORB_risk05                none                      309   -140.72  0.99  18.55  30.7  230.71 -101.52
ORB_shorts                none                      156   -500.30  0.87   4.26  29.5   72.29  -34.28
ORB_dd6                   none                      215   -747.63  0.85   6.11  29.3   69.09  -33.06

Wrote C:\Users\Administrator\Downloads\sniper-ea\orb-grid\results_orb_2023_H1\comparison.csv
