
======================================================================
2026-09-27 12:22:07  run_backtests.py --sets sets_v5 --out results_v5_2026_M3 --period M3 --from 2026.01.01 --to 2026.12.31 --skip-done --deposit 25000 --symbol XAUUSD --expert SniperTurtle_KZ_v1.00.ex5 --terminal C:\MT5-Tester\terminal64.exe --data-dir C:\MT5-Tester --portable
======================================================================
Terminal : C:\MT5-Tester\terminal64.exe
Data dir : C:\MT5-Tester
Expert   : SniperTurtle_KZ_v1.00.ex5   (as given: SniperTurtle_KZ_v1.00.ex5)
Run      : XAUUSD M3 2026.01.01 - 2026.12.31, model real, deposit 25000
Sets     : 11

MT5 will open and close once per run. Do not use the terminal meanwhile.

[1/11]   running V5_ctrl_trail_on ... done in 1.4 min, 1 log file(s)
[2/11]   running V5_ema_30_60 ... done in 1.4 min, 1 log file(s)
[3/11]   running V5_ema_40_80 ... done in 1.4 min, 1 log file(s)
[4/11]   running V5_ema_45_90 ... done in 1.4 min, 1 log file(s)
[5/11]   running V5_fn_r025 ... done in 1.3 min, 1 log file(s)
[6/11]   running V5_fn_r035 ... done in 1.3 min, 1 log file(s)
[7/11]   running V5_fn_r035_nosoft ... done in 1.4 min, 1 log file(s)
[8/11]   running V5_fn_r050 ... done in 1.3 min, 1 log file(s)
[9/11]   running V5_notrail ... done in 1.6 min, 1 log file(s)
[10/11]   running V5_notrail_40_80 ... done in 1.6 min, 1 log file(s)
[11/11]   running V5_notrail_45_90 ... done in 1.6 min, 1 log file(s)

11 of 11 runs produced a report in 16 min

run                       filter                 trades       net    PF    DD%  win%    avgW    avgL
----------------------------------------------------------------------------------------------------
V5_notrail_45_90          Vwap                      346   8470.39  1.24   7.52  24.6  510.56 -133.04
V5_notrail_40_80          Vwap                      361   8403.45  1.24  17.52  23.6  519.23 -128.69
V5_ctrl_trail_on          Vwap                      330   4908.86  1.25   7.80  30.9  243.42  -86.53
V5_ema_45_90              Vwap                      343   4299.88  1.20   7.09  31.2  239.96  -89.76
V5_ema_30_60              Vwap                      387   3969.00  1.16  13.34  26.6  283.43  -88.01
V5_ema_40_80              Vwap                      359   3687.61  1.18  12.87  27.3  246.78  -77.78
V5_notrail                Vwap                      332   1213.11  1.04  15.51  20.5  456.62 -112.37
V5_fn_r025                Vwap                      114  -1213.55  0.75   4.85  16.7  195.73  -51.66
V5_fn_r050                Vwap                       44  -1221.44  0.67   4.89  13.6  407.60  -95.93
V5_fn_r035                Vwap                       42  -1235.66  0.52   4.94  14.3  225.81  -71.55
V5_fn_r035_nosoft         Vwap                       42  -1235.66  0.52   4.94  14.3  225.81  -71.55

Wrote C:\Users\Administrator\Downloads\sniper-ea\turtle-grid\results_v5_2026_M3\comparison.csv
