
======================================================================
2026-09-27 16:24:34  run_backtests.py --sets sets_v6 --out results_v6_2023_M5 --period M5 --from 2023.01.01 --to 2023.12.31 --skip-done --deposit 25000 --symbol XAUUSD --expert SniperTurtle_KZ_v1.00.ex5 --terminal C:\MT5-Tester\terminal64.exe --data-dir C:\MT5-Tester --portable
======================================================================
Terminal : C:\MT5-Tester\terminal64.exe
Data dir : C:\MT5-Tester
Expert   : SniperTurtle_KZ_v1.00.ex5   (as given: SniperTurtle_KZ_v1.00.ex5)
Run      : XAUUSD M5 2023.01.01 - 2023.12.31, model real, deposit 25000
Sets     : 14

MT5 will open and close once per run. Do not use the terminal meanwhile.

[1/14]   running KZFN_all ... done in 0.4 min, 1 log file(s)
[2/14]   running KZFN_asia ... done in 0.4 min, 1 log file(s)
[3/14]   running KZFN_asia_london ... done in 0.4 min, 1 log file(s)
[4/14]   running KZFN_asia_ny ... done in 0.4 min, 1 log file(s)
[5/14]   running KZFN_london ... done in 0.4 min, 1 log file(s)
[6/14]   running KZFN_london_ny ... done in 0.4 min, 1 log file(s)
[7/14]   running KZFN_ny ... done in 0.4 min, 1 log file(s)
[8/14]   running KZ_all ... done in 0.4 min, 1 log file(s)
[9/14]   running KZ_asia ... done in 0.4 min, 1 log file(s)
[10/14]   running KZ_asia_london ... done in 0.4 min, 1 log file(s)
[11/14]   running KZ_asia_ny ... done in 0.4 min, 1 log file(s)
[12/14]   running KZ_london ... done in 0.4 min, 1 log file(s)
[13/14]   running KZ_london_ny ... done in 0.4 min, 1 log file(s)
[14/14]   running KZ_ny ... done in 0.4 min, 1 log file(s)

14 of 14 runs produced a report in 6 min

run                       filter                 trades       net    PF    DD%  win%    avgW    avgL
----------------------------------------------------------------------------------------------------
KZ_all                    Vwap                      329   2146.94  1.07  13.53  24.3  403.94 -118.55
KZ_london_ny              Vwap                      196    849.00  1.05  11.25  22.4  442.33 -120.20
KZ_ny                     Vwap                      100    355.30  1.04  10.05  20.0  512.06 -121.62
KZFN_ny                   Vwap                       94    274.27  1.03   8.49  20.2  496.40 -120.13
KZ_asia                   Vwap                       87     90.68  1.01   4.93  18.4  580.19 -126.15
KZFN_asia_ny              Vwap                      187     53.02  1.00  11.42  20.9  502.40 -129.15
KZ_asia_ny                Vwap                      207     33.66  1.00  12.65  21.3  478.28 -126.19
KZFN_asia                 Vwap                       87   -510.68  0.94   6.04  17.2  566.51 -121.90
KZFN_london_ny            Vwap                       18  -1204.84  0.34   4.82  16.7  203.18 -119.49
KZFN_asia_london          Vwap                       18  -1236.29  0.33   4.95   5.6  600.18 -105.93
KZFN_london               Vwap                       10  -1242.39  0.00   4.97   0.0    0.00 -122.83
KZFN_all                  Vwap                       23  -1248.54  0.49   4.99  13.0  406.97 -121.39
KZ_london                 Vwap                       84  -1357.87  0.84  15.45  16.7  491.36 -115.33
KZ_asia_london            Vwap                      188  -2068.22  0.88  20.86  16.0  526.34 -110.53

Wrote C:\Users\Administrator\Downloads\sniper-ea\turtle-grid\results_v6_2023_M5\comparison.csv
