
======================================================================
2026-09-27 10:10:55  run_backtests.py --sets sets_v4 --out results_v4_M3 --period M3 --skip-done --deposit 25000 --symbol XAUUSD --expert SniperTurtle_KZ_v1.00.ex5 --terminal C:\MT5-Tester\terminal64.exe --data-dir C:\MT5-Tester --portable --from 2026.01.01 --to 2026.09.18
======================================================================
Terminal : C:\MT5-Tester\terminal64.exe
Data dir : C:\MT5-Tester
Expert   : SniperTurtle_KZ_v1.00.ex5   (as given: SniperTurtle_KZ_v1.00.ex5)
Run      : XAUUSD M3 2026.01.01 - 2026.09.18, model real, deposit 25000
Sets     : 23

MT5 will open and close once per run. Do not use the terminal meanwhile.

[1/23]   running V4_atr30 ... done in 1.4 min, 1 log file(s)
[2/23]   running V4_caps ... done in 1.4 min, 1 log file(s)
[3/23]   running V4_ctrl_50_100 ... done in 1.3 min, 1 log file(s)
[4/23]   running V4_ema_100_200 ... done in 1.3 min, 1 log file(s)
[5/23]   running V4_ema_30_60 ... done in 1.3 min, 1 log file(s)
[6/23]   running V4_ema_35_70 ... done in 1.3 min, 1 log file(s)
[7/23]   running V4_ema_40_80 ... done in 1.4 min, 1 log file(s)
[8/23]   running V4_ema_45_90 ... done in 1.4 min, 1 log file(s)
[9/23]   running V4_ema_50_150 ... done in 1.3 min, 1 log file(s)
[10/23]   running V4_ema_50_200 ... done in 1.3 min, 1 log file(s)
[11/23]   running V4_ema_50_75 ... done in 1.3 min, 1 log file(s)
[12/23]   running V4_ema_55_110 ... done in 1.3 min, 1 log file(s)
[13/23]   running V4_ema_60_120 ... done in 1.4 min, 1 log file(s)
[14/23]   running V4_ema_70_140 ... done in 1.3 min, 1 log file(s)
[15/23]   running V4_ema_80_160 ... done in 1.3 min, 1 log file(s)
[16/23]   running V4_fn25k ... done in 1.4 min, 1 log file(s)
[17/23]   running V4_kz_off ... done in 1.4 min, 1 log file(s)
[18/23]   running V4_nofilter ... done in 1.4 min, 1 log file(s)
[19/23]   running V4_notrail ... done in 1.5 min, 1 log file(s)
[20/23]   running V4_partials ... done in 1.4 min, 1 log file(s)
[21/23]   running V4_sl15 ... done in 1.3 min, 1 log file(s)
[22/23]   running V4_sl30 ... done in 1.4 min, 1 log file(s)
[23/23]   running V4_spread15 ... done in 1.3 min, 1 log file(s)

23 of 23 runs produced a report in 31 min

run                       filter                 trades       net    PF    DD%  win%    avgW    avgL
----------------------------------------------------------------------------------------------------
V4_atr30                  Vwap                      315   9602.85  1.52   5.52  33.0  269.83  -86.59
V4_sl15                   Vwap                      315   7063.76  1.36   5.61  30.5  277.62  -88.27
V4_spread15               Vwap                      311   5961.75  1.32   6.47  32.1  244.38  -86.72
V4_partials               Vwap                      652   5519.78  1.30   6.50  67.0   55.45  -86.19
V4_ctrl_50_100            Vwap                      315   5494.55  1.29   7.80  31.8  242.44  -86.37
V4_kz_off                 Vwap                      463   5327.28  1.19   6.95  29.8  238.33  -84.01
V4_nofilter               none                      388   5223.78  1.23   8.45  30.7  233.07  -82.84
V4_ema_45_90              Vwap                      328   3864.89  1.19   7.09  31.1  239.27  -90.09
V4_ema_50_200             Vwap                      208   3792.30  1.32   4.63  27.9  266.98  -77.19
V4_sl30                   Vwap                      315   3302.40  1.19   9.67  27.3  240.93  -75.57
V4_fn25k                  Vwap                      289   3218.97  1.28   4.72  31.8  161.51  -58.52
V4_ema_80_160             Vwap                      194   3006.78  1.27   5.91  27.8  259.20  -77.72
V4_ema_55_110             Vwap                      290   2756.27  1.15   5.93  27.6  257.25  -84.12
V4_ema_40_80              Vwap                      344   2632.42  1.13  12.87  26.4  246.34  -77.47
V4_caps                   Vwap                      175   2198.62  1.24   4.87  28.6  224.23  -71.33
V4_ema_30_60              Vwap                      373   2134.98  1.09  13.34  26.0  276.14  -88.52
V4_ema_70_140             Vwap                      242   1720.85  1.12   6.87  26.9  242.39  -78.55
V4_notrail                Vwap                      317   1638.55  1.06  15.51  20.8  451.77 -111.62
V4_ema_100_200            Vwap                      160   1349.06  1.16   5.69  28.1  218.62  -73.09
V4_ema_50_150             Vwap                      253    981.97  1.07   9.06  24.9  243.76  -74.97
V4_ema_60_120             Vwap                      270    194.12  1.01   8.76  23.7  244.01  -74.21
V4_ema_35_70              Vwap                      362   -268.39  0.99  13.74  23.8  229.73  -71.90
V4_ema_50_75              Vwap                      324  -1010.09  0.95   7.76  25.0  233.07  -81.16

Wrote C:\Users\Administrator\Downloads\sniper-ea\turtle-grid\results_v4_M3\comparison.csv
