
======================================================================
2026-09-29 10:47:22  run_backtests.py --sets sets_orb --out results_orb_2026_H1 --period H1 --expert GOLD_ORB_single.ex5 --skip-done --portable --deposit 25000 --from 2026.01.01 --to 2026.12.31 --terminal C:\MT5-Tester\terminal64.exe --data-dir C:\MT5-Tester
======================================================================
Terminal : C:\MT5-Tester\terminal64.exe
Data dir : C:\MT5-Tester
Expert   : GOLD_ORB_single.ex5   (as given: GOLD_ORB_single.ex5)
Run      : XAUUSD H1 2026.01.01 - 2026.12.31, model real, deposit 25000
Sets     : 19

MT5 will open and close once per run. Do not use the terminal meanwhile.

[1/19]   running ORB_1perday ... done in 1.1 min, no EA logs found
[2/19]   running ORB_4perday ... done in 1.2 min, no EA logs found
[3/19]   running ORB_comp2 ... done in 1.1 min, no EA logs found
[4/19]   running ORB_comp4 ... done in 1.0 min, no EA logs found
[5/19]   running ORB_comp6 ... done in 1.0 min, no EA logs found
[6/19]   running ORB_ctrl ... done in 1.0 min, no EA logs found
[7/19]   running ORB_dd10 ... done in 1.2 min, no EA logs found
[8/19]   running ORB_dd6 ... done in 1.1 min, no EA logs found
[9/19]   running ORB_fn25k ... done in 11.2 min, no EA logs found
[10/19]   running ORB_longs ... done in 1.2 min, no EA logs found
[11/19]   running ORB_notrail ... done in 1.1 min, no EA logs found
[12/19]   running ORB_risk035 ... done in 1.3 min, no EA logs found
[13/19]   running ORB_risk05 ... done in 1.2 min, no EA logs found
[14/19]   running ORB_rr2 ... done in 1.1 min, no EA logs found
[15/19]   running ORB_rr4 ... done in 1.1 min, no EA logs found
[16/19]   running ORB_rr6 ... done in 1.1 min, no EA logs found
[17/19]   running ORB_shorts ... done in 1.1 min, no EA logs found
[18/19]   running ORB_sl300 ... done in 1.1 min, no EA logs found
[19/19]   running ORB_sl600 ... done in 1.1 min, no EA logs found

19 of 19 runs produced a report in 31 min

run                       filter                 trades       net    PF    DD%  win%    avgW    avgL
----------------------------------------------------------------------------------------------------
ORB_longs                 none                       97    832.56  1.46   1.38  41.2   65.65  -30.87
ORB_sl300                 none                      197    232.59  1.06   2.80  31.5   64.29  -27.29
ORB_rr2                   none                      197     93.15  1.02   2.77  34.5   63.19  -32.05
ORB_comp6                 none                      125     60.75  1.02   2.26  37.6   57.98  -33.60
ORB_risk035               none                      197     60.35  1.01   6.35  34.5  135.13  -69.60
ORB_ctrl                  none                      197     43.95  1.01   2.97  34.5   62.46  -32.05
ORB_dd10                  none                      197     43.95  1.01   2.97  34.5   62.46  -32.05
ORB_dd6                   none                      197     43.95  1.01   2.97  34.5   62.46  -32.05
ORB_rr4                   none                      197     43.95  1.01   2.97  34.5   62.46  -32.05
ORB_rr6                   none                      197     43.95  1.01   2.97  34.5   62.46  -32.05
ORB_risk05                none                      197     33.66  1.00   8.93  34.5  190.91  -98.72
ORB_sl600                 none                      197   -186.45  0.96   2.95  38.6   60.48  -38.96
ORB_notrail               none                      197   -239.35  0.96   3.59  24.9  120.06  -40.90
ORB_comp4                 none                      164   -299.75  0.92   3.11  34.8   58.13  -33.23
ORB_1perday               none                      172   -443.92  0.88   3.47  32.0   61.84  -32.35
ORB_shorts                none                      100   -788.61  0.67   4.09  28.0   57.91  -32.99
ORB_comp2                 none                      214   -934.33  0.81   5.43  29.9   64.28  -33.16
ORB_fn25k                 none                       71  -1073.34  0.69   5.17  33.8  101.66  -73.60
ORB_4perday               none                      930  -1658.29  0.93  13.35  30.9   73.55  -34.90

Wrote C:\Users\Administrator\Downloads\sniper-ea\orb-grid\results_orb_2026_H1\comparison.csv
