
======================================================================
2026-09-28 14:09:07  run_backtests.py --sets sets_v8 --out results_v8_2025_M5 --period M5 --from 2025.01.01 --to 2025.12.31 --skip-done --deposit 25000 --symbol XAUUSD --expert SniperTurtle_KZ_v1.00.ex5 --terminal C:\MT5-Tester\terminal64.exe --data-dir C:\MT5-Tester --portable
======================================================================
Terminal : C:\MT5-Tester\terminal64.exe
Data dir : C:\MT5-Tester
Expert   : SniperTurtle_KZ_v1.00.ex5   (as given: SniperTurtle_KZ_v1.00.ex5)
Run      : XAUUSD M5 2025.01.01 - 2025.12.31, model real, deposit 25000
Sets     : 120

MT5 will open and close once per run. Do not use the terminal meanwhile.

[1/120]   running WO0_ALN_C ... done in 0.9 min, 1 log file(s)
[2/120]   running WO0_ALN_TEBC ... done in 0.8 min, 1 log file(s)
[3/120]   running WO0_ALN_TEVBC ... done in 0.8 min, 1 log file(s)
[4/120]   running WO0_ALN_VC ... done in 0.8 min, 1 log file(s)
[5/120]   running WO0_ALN_none ... done in 0.9 min, 1 log file(s)
[6/120]   running WO0_AN_C ... done in 0.8 min, 1 log file(s)
[7/120]   running WO0_AN_TEBC ... done in 0.9 min, 1 log file(s)
[8/120]   running WO0_AN_TEVBC ... done in 0.8 min, 1 log file(s)
[9/120]   running WO0_AN_VC ... done in 0.8 min, 1 log file(s)
[10/120]   running WO0_AN_none ... done in 0.8 min, 1 log file(s)
[11/120]   running WO0_A_C ... done in 0.8 min, 1 log file(s)
[12/120]   running WO0_A_TEBC ... done in 0.8 min, 1 log file(s)
[13/120]   running WO0_A_TEVBC ... done in 0.8 min, 1 log file(s)
[14/120]   running WO0_A_VC ... done in 0.8 min, 1 log file(s)
[15/120]   running WO0_A_none ... done in 0.8 min, 1 log file(s)
[16/120]   running WO0_N_C ... done in 0.8 min, 1 log file(s)
[17/120]   running WO0_N_TEBC ... done in 0.8 min, 1 log file(s)
[18/120]   running WO0_N_TEVBC ... done in 0.8 min, 1 log file(s)
[19/120]   running WO0_N_VC ... done in 0.8 min, 1 log file(s)
[20/120]   running WO0_N_none ... done in 0.8 min, 1 log file(s)
[21/120]   running WO60_ALN_C ... done in 0.9 min, 1 log file(s)
[22/120]   running WO60_ALN_TEBC ... done in 0.8 min, 1 log file(s)
[23/120]   running WO60_ALN_TEVBC ... done in 0.9 min, 1 log file(s)
[24/120]   running WO60_ALN_VC ... done in 0.9 min, 1 log file(s)
[25/120]   running WO60_ALN_none ... done in 0.9 min, 1 log file(s)
[26/120]   running WO60_AN_C ... done in 0.9 min, 1 log file(s)
[27/120]   running WO60_AN_TEBC ... done in 0.8 min, 1 log file(s)
[28/120]   running WO60_AN_TEVBC ... done in 0.8 min, 1 log file(s)
[29/120]   running WO60_AN_VC ... done in 0.8 min, 1 log file(s)
[30/120]   running WO60_AN_none ... done in 0.8 min, 1 log file(s)
[31/120]   running WO60_A_C ... done in 0.8 min, 1 log file(s)
[32/120]   running WO60_A_TEBC ... done in 0.8 min, 1 log file(s)
[33/120]   running WO60_A_TEVBC ... done in 0.8 min, 1 log file(s)
[34/120]   running WO60_A_VC ... done in 0.8 min, 1 log file(s)
[35/120]   running WO60_A_none ... done in 0.8 min, 1 log file(s)
[36/120]   running WO60_N_C ... done in 0.8 min, 1 log file(s)
[37/120]   running WO60_N_TEBC ... done in 0.8 min, 1 log file(s)
[38/120]   running WO60_N_TEVBC ... done in 0.8 min, 1 log file(s)
[39/120]   running WO60_N_VC ... done in 0.8 min, 1 log file(s)
[40/120]   running WO60_N_none ... done in 0.8 min, 1 log file(s)
[41/120]   running WS0_ALN_C ... done in 0.8 min, 1 log file(s)
[42/120]   running WS0_ALN_TEBC ... done in 0.8 min, 1 log file(s)
[43/120]   running WS0_ALN_TEVBC ... done in 0.8 min, 1 log file(s)
[44/120]   running WS0_ALN_VC ... done in 0.8 min, 1 log file(s)
[45/120]   running WS0_ALN_none ... done in 0.8 min, 1 log file(s)
[46/120]   running WS0_AN_C ... done in 0.8 min, 1 log file(s)
[47/120]   running WS0_AN_TEBC ... done in 0.8 min, 1 log file(s)
[48/120]   running WS0_AN_TEVBC ... done in 0.8 min, 1 log file(s)
[49/120]   running WS0_AN_VC ... done in 0.8 min, 1 log file(s)
[50/120]   running WS0_AN_none ... done in 0.8 min, 1 log file(s)
[51/120]   running WS0_A_C ... done in 0.8 min, 1 log file(s)
[52/120]   running WS0_A_TEBC ... done in 0.7 min, 1 log file(s)
[53/120]   running WS0_A_TEVBC ... done in 0.8 min, 1 log file(s)
[54/120]   running WS0_A_VC ... done in 0.8 min, 1 log file(s)
[55/120]   running WS0_A_none ... done in 0.7 min, 1 log file(s)
[56/120]   running WS0_N_C ... done in 0.8 min, 1 log file(s)
[57/120]   running WS0_N_TEBC ... done in 0.7 min, 1 log file(s)
[58/120]   running WS0_N_TEVBC ... done in 0.8 min, 1 log file(s)
[59/120]   running WS0_N_VC ... done in 0.8 min, 1 log file(s)
[60/120]   running WS0_N_none ... done in 0.8 min, 1 log file(s)
[61/120]   running WS60_ALN_C ... done in 0.8 min, 1 log file(s)
[62/120]   running WS60_ALN_TEBC ... done in 0.8 min, 1 log file(s)
[63/120]   running WS60_ALN_TEVBC ... done in 0.8 min, 1 log file(s)
[64/120]   running WS60_ALN_VC ... done in 0.9 min, 1 log file(s)
[65/120]   running WS60_ALN_none ... done in 0.8 min, 1 log file(s)
[66/120]   running WS60_AN_C ... done in 0.8 min, 1 log file(s)
[67/120]   running WS60_AN_TEBC ... done in 0.8 min, 1 log file(s)
[68/120]   running WS60_AN_TEVBC ... done in 0.8 min, 1 log file(s)
[69/120]   running WS60_AN_VC ... done in 0.8 min, 1 log file(s)
[70/120]   running WS60_AN_none ... done in 0.8 min, 1 log file(s)
[71/120]   running WS60_A_C ... done in 0.8 min, 1 log file(s)
[72/120]   running WS60_A_TEBC ... done in 0.8 min, 1 log file(s)
[73/120]   running WS60_A_TEVBC ... done in 0.8 min, 1 log file(s)
[74/120]   running WS60_A_VC ... done in 0.8 min, 1 log file(s)
[75/120]   running WS60_A_none ... done in 0.8 min, 1 log file(s)
[76/120]   running WS60_N_C ... done in 0.8 min, 1 log file(s)
[77/120]   running WS60_N_TEBC ... done in 0.8 min, 1 log file(s)
[78/120]   running WS60_N_TEVBC ... done in 0.7 min, 1 log file(s)
[79/120]   running WS60_N_VC ... done in 0.7 min, 1 log file(s)
[80/120]   running WS60_N_none ... done in 0.8 min, 1 log file(s)
[81/120]   running WW0_ALN_C ... done in 0.8 min, 1 log file(s)
[82/120]   running WW0_ALN_TEBC ... done in 0.8 min, 1 log file(s)
[83/120]   running WW0_ALN_TEVBC ... done in 0.8 min, 1 log file(s)
[84/120]   running WW0_ALN_VC ... done in 0.8 min, 1 log file(s)
[85/120]   running WW0_ALN_none ... done in 0.8 min, 1 log file(s)
[86/120]   running WW0_AN_C ... done in 0.8 min, 1 log file(s)
[87/120]   running WW0_AN_TEBC ... done in 0.8 min, 1 log file(s)
[88/120]   running WW0_AN_TEVBC ... done in 0.8 min, 1 log file(s)
[89/120]   running WW0_AN_VC ... done in 0.8 min, 1 log file(s)
[90/120]   running WW0_AN_none ... done in 0.8 min, 1 log file(s)
[91/120]   running WW0_A_C ... done in 0.8 min, 1 log file(s)
[92/120]   running WW0_A_TEBC ... done in 0.7 min, 1 log file(s)
[93/120]   running WW0_A_TEVBC ... done in 0.7 min, 1 log file(s)
[94/120]   running WW0_A_VC ... done in 0.8 min, 1 log file(s)
[95/120]   running WW0_A_none ... done in 0.8 min, 1 log file(s)
[96/120]   running WW0_N_C ... done in 0.8 min, 1 log file(s)
[97/120]   running WW0_N_TEBC ... done in 0.8 min, 1 log file(s)
[98/120]   running WW0_N_TEVBC ... done in 0.8 min, 1 log file(s)
[99/120]   running WW0_N_VC ... done in 0.8 min, 1 log file(s)
[100/120]   running WW0_N_none ... done in 0.8 min, 1 log file(s)
[101/120]   running WW60_ALN_C ... done in 0.8 min, 1 log file(s)
[102/120]   running WW60_ALN_TEBC ... done in 0.8 min, 1 log file(s)
[103/120]   running WW60_ALN_TEVBC ... done in 0.8 min, 1 log file(s)
[104/120]   running WW60_ALN_VC ... done in 0.8 min, 1 log file(s)
[105/120]   running WW60_ALN_none ... done in 0.8 min, 1 log file(s)
[106/120]   running WW60_AN_C ... done in 0.8 min, 1 log file(s)
[107/120]   running WW60_AN_TEBC ... done in 0.8 min, 1 log file(s)
[108/120]   running WW60_AN_TEVBC ... done in 0.8 min, 1 log file(s)
[109/120]   running WW60_AN_VC ... done in 0.8 min, 1 log file(s)
[110/120]   running WW60_AN_none ... done in 0.8 min, 1 log file(s)
[111/120]   running WW60_A_C ... done in 0.8 min, 1 log file(s)
[112/120]   running WW60_A_TEBC ... done in 0.8 min, 1 log file(s)
[113/120]   running WW60_A_TEVBC ... done in 0.7 min, 1 log file(s)
[114/120]   running WW60_A_VC ... done in 0.8 min, 1 log file(s)
[115/120]   running WW60_A_none ... done in 0.8 min, 1 log file(s)
[116/120]   running WW60_N_C ... done in 0.8 min, 1 log file(s)
[117/120]   running WW60_N_TEBC ... done in 0.8 min, 1 log file(s)
[118/120]   running WW60_N_TEVBC ... done in 0.8 min, 1 log file(s)
[119/120]   running WW60_N_VC ... done in 0.8 min, 1 log file(s)
[120/120]   running WW60_N_none ... done in 0.8 min, 1 log file(s)

120 of 120 runs produced a report in 95 min

run                       filter                 trades       net    PF    DD%  win%    avgW    avgL
----------------------------------------------------------------------------------------------------
WW60_N_none               none                       54     78.32  1.02   7.71  20.4  481.56 -120.47
WS0_N_TEBC                Trend,Ema50,Bias,Coold     36   -196.94  0.94   8.00  16.7  563.85 -118.61
WW60_N_C                  Cooldown                   48   -247.93  0.95   8.86  18.8  492.11 -119.07
WW60_N_VC                 Vwap,Cooldown              48   -247.93  0.95   8.86  18.8  492.11 -119.07
WW0_N_none                none                       40   -388.84  0.90   6.83  20.0  421.54 -116.72
WS0_N_C                   Cooldown                   49   -404.51  0.91   7.96  18.4  473.21 -115.84
WS0_N_VC                  Vwap,Cooldown              49   -404.51  0.91   7.96  18.4  473.21 -115.84
WO60_N_none               none                       75   -437.04  0.94   8.38  20.0  467.54 -123.31
WO60_N_C                  Cooldown                   67   -474.20  0.93   8.52  19.4  477.81 -122.99
WO60_N_VC                 Vwap,Cooldown              67   -474.20  0.93   8.52  19.4  477.81 -122.99
WS0_N_TEVBC               Trend,Ema50,Vwap,Bias,     34   -564.34  0.84   7.96  14.7  574.06 -117.74
WS0_N_none                none                       51   -656.64  0.87   8.00  17.6  473.21 -116.35
WW0_N_C                   Cooldown                   34   -703.29  0.78   7.60  17.6  424.92 -115.42
WW0_N_VC                  Vwap,Cooldown              34   -703.29  0.78   7.60  17.6  424.92 -115.42
WO60_N_TEBC               Trend,Ema50,Bias,Coold     53   -888.36  0.83   7.69  17.0  498.10 -121.25
WO60_N_TEVBC              Trend,Ema50,Vwap,Bias,     53   -888.36  0.83   7.69  17.0  498.10 -121.25
WO0_N_none                none                       64  -1160.17  0.81   9.51  18.8  414.78 -117.27
WS60_N_none               none                       64  -1160.17  0.81   9.51  18.8  414.78 -117.27
WW0_ALN_none              none                      159  -1242.14  0.92  17.57  17.0  500.48 -110.80
WO0_N_C                   Cooldown                   58  -1417.15  0.75   8.85  17.2  418.72 -116.02
WO0_N_VC                  Vwap,Cooldown              58  -1417.15  0.75   8.85  17.2  418.72 -116.02
WS60_N_C                  Cooldown                   58  -1417.15  0.75   8.85  17.2  418.72 -116.02
WS60_N_VC                 Vwap,Cooldown              58  -1417.15  0.75   8.85  17.2  418.72 -116.02
WW60_A_VC                 Vwap,Cooldown              72  -1516.08  0.79  14.93  13.9  562.53 -114.10
WW60_A_C                  Cooldown                   78  -1538.93  0.80  14.87  14.1  570.81 -115.61
WW0_ALN_VC                Vwap,Cooldown             134  -1631.78  0.87  16.18  17.2  477.53 -112.70
WO0_ALN_VC                Vwap,Cooldown             210  -1661.91  0.92  17.86  18.6  479.03 -117.97
WS60_ALN_VC               Vwap,Cooldown             210  -1661.91  0.92  17.86  18.6  479.03 -117.97
WO0_ALN_C                 Cooldown                  211  -1703.83  0.92  18.53  18.5  478.26 -117.36
WS60_ALN_C                Cooldown                  211  -1703.83  0.92  18.53  18.5  478.26 -117.36
WS0_A_TEBC                Trend,Ema50,Bias,Coold     43  -1740.92  0.62   9.06  11.6  570.06 -119.74
WS0_A_TEVBC               Trend,Ema50,Vwap,Bias,     43  -1740.92  0.62   9.06  11.6  570.06 -119.74
WW0_N_TEBC                Trend,Ema50,Bias,Coold     26  -1842.54  0.33   7.37  11.5  297.08 -118.07
WW0_N_TEVBC               Trend,Ema50,Vwap,Bias,     26  -1842.54  0.33   7.37  11.5  297.08 -118.07
WW0_ALN_C                 Cooldown                  136  -1871.55  0.85  17.09  16.9  474.63 -112.22
WW60_N_TEBC               Trend,Ema50,Bias,Coold     39  -1926.56  0.52  11.56  12.8  424.33 -118.17
WW60_N_TEVBC              Trend,Ema50,Vwap,Bias,     39  -1926.56  0.52  11.56  12.8  424.33 -118.17
WW60_A_TEBC               Trend,Ema50,Bias,Coold     46  -2084.09  0.57  13.37  10.9  562.36 -118.40
WW60_A_TEVBC              Trend,Ema50,Vwap,Bias,     46  -2084.09  0.57  13.37  10.9  562.36 -118.40
WS0_ALN_TEVBC             Trend,Ema50,Vwap,Bias,    108  -2169.50  0.80  10.92  16.7  473.95 -117.94
WW0_A_TEBC                Trend,Ema50,Bias,Coold     42  -2267.20  0.50  12.39   9.5  572.29 -118.91
WW0_A_TEVBC               Trend,Ema50,Vwap,Bias,     42  -2267.20  0.50  12.39   9.5  572.29 -118.91
WO60_ALN_VC               Vwap,Cooldown             263  -2270.50  0.91  18.55  19.0  465.11 -118.80
WS0_ALN_TEBC              Trend,Ema50,Bias,Coold    110  -2388.05  0.78  11.16  16.4  473.56 -117.67
WO60_A_TEBC               Trend,Ema50,Bias,Coold     62  -2456.70  0.62  14.41  12.9  491.44 -117.21
WO60_A_TEVBC              Trend,Ema50,Vwap,Bias,     62  -2456.70  0.62  14.41  12.9  491.44 -117.21
WO0_A_TEBC                Trend,Ema50,Bias,Coold     56  -2529.26  0.58  13.11  10.7  577.46 -118.79
WO0_A_TEVBC               Trend,Ema50,Vwap,Bias,     56  -2529.26  0.58  13.11  10.7  577.46 -118.79
WS60_A_TEBC               Trend,Ema50,Bias,Coold     56  -2529.26  0.58  13.11  10.7  577.46 -118.79
WS60_A_TEVBC              Trend,Ema50,Vwap,Bias,     56  -2529.26  0.58  13.11  10.7  577.46 -118.79
WW0_A_VC                  Vwap,Cooldown              63  -2561.72  0.61  15.72  11.1  561.27 -114.84
WW60_A_none               none                       82  -2582.28  0.68  18.00  12.2  541.27 -110.02
WO60_ALN_C                Cooldown                  267  -2589.52  0.90  19.75  18.7  461.18 -117.18
WW0_AN_none               none                      121  -2606.09  0.77  20.03  14.9  480.14 -108.27
WW60_AN_VC                Vwap,Cooldown             132  -2694.60  0.79  19.56  15.9  473.49 -112.86
WW60_AN_none              none                      147  -2698.06  0.81  21.87  15.7  488.48 -111.37
WW0_AN_VC                 Vwap,Cooldown             108  -2739.13  0.73  18.36  14.8  462.58 -109.28
WO60_A_C                  Cooldown                  101  -2786.86  0.72  17.98  13.9  517.43 -114.16
WO60_A_VC                 Vwap,Cooldown              97  -2861.19  0.70  18.33  14.4  470.84 -112.76
WO0_N_TEBC                Trend,Ema50,Bias,Coold     41  -2929.30  0.31  11.72   9.8  321.97 -113.32
WO0_N_TEVBC               Trend,Ema50,Vwap,Bias,     41  -2929.30  0.31  11.72   9.8  321.97 -113.32
WS60_N_TEBC               Trend,Ema50,Bias,Coold     41  -2929.30  0.31  11.72   9.8  321.97 -113.32
WS60_N_TEVBC              Trend,Ema50,Vwap,Bias,     41  -2929.30  0.31  11.72   9.8  321.97 -113.32
WS0_ALN_C                 Cooldown                  150  -2996.69  0.79  16.08  17.3  439.06 -115.27
WW0_A_C                   Cooldown                   67  -3036.86  0.56  17.11  10.4  545.49 -113.24
WS0_ALN_VC                Vwap,Cooldown             151  -3084.99  0.79  16.47  17.2  439.06 -115.04
WS0_A_C                   Cooldown                   70  -3118.48  0.55  16.60  12.9  418.21 -111.76
WS0_A_VC                  Vwap,Cooldown              70  -3118.48  0.55  16.60  12.9  418.21 -111.76
WO0_ALN_none              none                      236  -3199.45  0.86  19.94  16.9  473.86 -112.08
WS60_ALN_none             none                      236  -3199.45  0.86  19.94  16.9  473.86 -112.08
WW0_AN_C                  Cooldown                  112  -3204.91  0.69  19.81  14.3  455.15 -108.33
WO60_ALN_TEVBC            Trend,Ema50,Vwap,Bias,    178  -3205.88  0.82  22.53  16.9  502.07 -122.42
WW60_ALN_VC               Vwap,Cooldown             176  -3220.68  0.80  20.94  16.5  454.15 -110.53
WW60_ALN_none             none                      199  -3335.86  0.82  23.97  16.1  469.41 -108.94
WW60_AN_C                 Cooldown                  138  -3339.12  0.75  21.71  15.2  467.53 -111.49
WO60_ALN_TEBC             Trend,Ema50,Bias,Coold    180  -3401.23  0.82  23.22  16.7  502.07 -122.08
WW0_A_none                none                       72  -3412.61  0.53  18.48   9.7  541.94 -109.87
WS0_ALN_none              none                      162  -3429.86  0.77  16.40  16.1  439.67 -108.37
WO60_ALN_none             none                      290  -3469.33  0.87  23.00  17.6  462.24 -112.16
WS0_AN_TEVBC              Trend,Ema50,Vwap,Bias,     73  -3498.59  0.52  14.32  11.0  474.59 -111.39
WS0_AN_TEBC               Trend,Ema50,Bias,Coold     73  -3499.29  0.52  14.33  11.0  474.59 -111.40
WS0_A_none                none                       75  -3549.08  0.51  18.11  12.0  410.50 -108.71
WW60_ALN_C                Cooldown                  180  -3549.15  0.79  22.32  16.1  453.48 -109.64
WO60_A_none               none                      107  -3772.98  0.63  21.61  13.1  458.95 -108.59
WS0_AN_VC                 Vwap,Cooldown             109  -3819.66  0.62  18.53  14.7  388.12 -106.96
WO0_A_VC                  Vwap,Cooldown              89  -3901.63  0.56  20.34  12.4  448.80 -112.20
WS60_A_VC                 Vwap,Cooldown              89  -3901.63  0.56  20.34  12.4  448.80 -112.20
WS0_AN_C                  Cooldown                  110  -3934.73  0.61  18.51  14.6  386.76 -106.82
WW0_ALN_TEBC              Trend,Ema50,Bias,Coold     92  -3952.34  0.56  20.74  15.2  358.00 -114.05
WW0_ALN_TEVBC             Trend,Ema50,Vwap,Bias,     92  -3953.64  0.56  20.74  15.2  358.00 -114.08
WO0_ALN_TEVBC             Trend,Ema50,Vwap,Bias,    144  -4033.11  0.72  18.73  15.3  460.61 -115.20
WS60_ALN_TEVBC            Trend,Ema50,Vwap,Bias,    144  -4033.11  0.72  18.73  15.3  460.61 -115.20
WO0_A_C                   Cooldown                   91  -4119.18  0.54  21.19  12.1  446.54 -111.80
WS60_A_C                  Cooldown                   91  -4119.18  0.54  21.19  12.1  446.54 -111.80
WO0_ALN_TEBC              Trend,Ema50,Bias,Coold    147  -4257.00  0.70  19.60  15.7  439.84 -115.01
WS60_ALN_TEBC             Trend,Ema50,Bias,Coold    147  -4257.00  0.70  19.60  15.7  439.84 -115.01
WW60_AN_TEVBC             Trend,Ema50,Vwap,Bias,     92  -4264.66  0.55  22.76  12.0  469.59 -115.51
WW60_AN_TEBC              Trend,Ema50,Bias,Coold     92  -4267.01  0.55  22.77  12.0  469.59 -115.54
WW0_AN_TEBC               Trend,Ema50,Bias,Coold     70  -4427.45  0.37  19.56  10.0  372.76 -110.85
WW0_AN_TEVBC              Trend,Ema50,Vwap,Bias,     70  -4427.45  0.37  19.56  10.0  372.76 -110.85
WO0_A_none                none                       96  -4465.21  0.52  22.40  11.5  442.49 -108.74
WS60_A_none               none                       96  -4465.21  0.52  22.40  11.5  442.49 -108.74
WS0_AN_none               none                      117  -4578.64  0.57  19.80  13.7  377.83 -104.34
WO60_AN_VC                Vwap,Cooldown             186  -4772.19  0.72  23.26  16.1  402.94 -107.15
WW60_ALN_TEVBC            Trend,Ema50,Vwap,Bias,    117  -4828.38  0.58  24.03  14.5  393.61 -114.30
WO60_AN_TEBC              Trend,Ema50,Bias,Coold    125  -4995.53  0.59  24.72  13.6  415.77 -110.80
WO60_AN_TEVBC             Trend,Ema50,Vwap,Bias,    125  -4995.53  0.59  24.72  13.6  415.77 -110.80
WW60_ALN_TEBC             Trend,Ema50,Bias,Coold    119  -5017.63  0.57  24.75  14.3  393.61 -113.89
WO60_AN_none              none                      207  -5172.60  0.72  26.45  15.9  394.61 -103.67
WO60_AN_C                 Cooldown                  192  -5259.81  0.69  25.16  15.6  399.51 -105.54
WO0_AN_none               none                      176  -5364.70  0.65  25.70  14.8  389.39 -102.39
WS60_AN_none              none                      176  -5364.70  0.65  25.70  14.8  389.39 -102.39
WO0_AN_VC                 Vwap,Cooldown             160  -5384.83  0.63  24.18  14.4  392.14 -104.25
WS60_AN_VC                Vwap,Cooldown             160  -5384.83  0.63  24.18  14.4  392.14 -104.25
WO0_AN_C                  Cooldown                  163  -5634.52  0.61  25.17  14.1  391.12 -103.63
WS60_AN_C                 Cooldown                  163  -5634.52  0.61  25.17  14.1  391.12 -103.63
WO0_AN_TEBC               Trend,Ema50,Bias,Coold    103  -5761.94  0.41  24.52  10.7  371.39 -106.21
WO0_AN_TEVBC              Trend,Ema50,Vwap,Bias,    103  -5761.94  0.41  24.52  10.7  371.39 -106.21
WS60_AN_TEBC              Trend,Ema50,Bias,Coold    103  -5761.94  0.41  24.52  10.7  371.39 -106.21
WS60_AN_TEVBC             Trend,Ema50,Vwap,Bias,    103  -5761.94  0.41  24.52  10.7  371.39 -106.21

Wrote C:\Users\Administrator\Downloads\sniper-ea\turtle-grid\results_v8_2025_M5\comparison.csv
