
======================================================================
2026-09-27 13:01:40  run_backtests.py --sets sets_v5 --out results_v5_2024_M15 --period M15 --from 2024.01.01 --to 2024.12.31 --skip-done --deposit 25000 --symbol XAUUSD --expert SniperTurtle_KZ_v1.00.ex5 --terminal C:\MT5-Tester\terminal64.exe --data-dir C:\MT5-Tester --portable
======================================================================
Terminal : C:\MT5-Tester\terminal64.exe
Data dir : C:\MT5-Tester
Expert   : SniperTurtle_KZ_v1.00.ex5   (as given: SniperTurtle_KZ_v1.00.ex5)
Run      : XAUUSD M15 2024.01.01 - 2024.12.31, model real, deposit 25000
Sets     : 11

MT5 will open and close once per run. Do not use the terminal meanwhile.

[1/11]   running V5_ctrl_trail_on ... done in 0.6 min, 1 log file(s)
[2/11]   running V5_ema_30_60 ... done in 0.6 min, 1 log file(s)
[3/11]   running V5_ema_40_80 ... done in 0.6 min, 1 log file(s)
[4/11]   running V5_ema_45_90 ... done in 0.6 min, 1 log file(s)
[5/11]   running V5_fn_r025 ... done in 0.6 min, 1 log file(s)
[6/11]   running V5_fn_r035 ... done in 0.6 min, 1 log file(s)
[7/11]   running V5_fn_r035_nosoft ... done in 0.6 min, 1 log file(s)
[8/11]   running V5_fn_r050 ... done in 0.6 min, 1 log file(s)
[9/11]   running V5_notrail ... done in 0.6 min, 1 log file(s)
[10/11]   running V5_notrail_40_80 ... done in 0.6 min, 1 log file(s)
[11/11]   running V5_notrail_45_90 ... done in 0.6 min, 1 log file(s)

11 of 11 runs produced a report in 7 min

run                       filter                 trades       net    PF    DD%  win%    avgW    avgL
----------------------------------------------------------------------------------------------------
V5_ema_40_80              Vwap                      104   3291.99  1.48   6.91  34.6  280.00  -98.27
V5_ctrl_trail_on          Vwap                       84    228.74  1.04   9.31  30.9  225.25  -95.57
V5_notrail_40_80          Vwap                      104    197.51  1.02   9.93  20.2  484.47 -119.02
V5_ema_30_60              Vwap                      157    -88.75  0.99  10.55  27.4  244.31  -91.51
V5_fn_r025                Vwap                       84   -632.23  0.84   5.74  19.1  210.38  -58.22
V5_fn_r050                Vwap                       23  -1203.26  0.51   8.08   8.7  614.09 -114.35
V5_fn_r035                Vwap                       75  -1234.92  0.77   7.27  16.0  339.76  -83.50
V5_fn_r035_nosoft         Vwap                       75  -1234.92  0.77   7.27  16.0  339.76  -83.50
V5_notrail                Vwap                       85  -1391.05  0.83  11.58  18.8  417.27 -115.77
V5_ema_45_90              Vwap                       97  -2393.44  0.62  11.71  24.7  163.10  -85.25
V5_notrail_45_90          Vwap                       98  -2523.10  0.73  12.77  17.4  400.43 -114.15

Wrote C:\Users\Administrator\Downloads\sniper-ea\turtle-grid\results_v5_2024_M15\comparison.csv
