
======================================================================
2026-09-27 13:28:00  run_backtests.py --sets sets_v5 --out results_v5_2023_M5 --period M5 --from 2023.01.01 --to 2023.12.31 --skip-done --deposit 25000 --symbol XAUUSD --expert SniperTurtle_KZ_v1.00.ex5 --terminal C:\MT5-Tester\terminal64.exe --data-dir C:\MT5-Tester --portable
======================================================================
Terminal : C:\MT5-Tester\terminal64.exe
Data dir : C:\MT5-Tester
Expert   : SniperTurtle_KZ_v1.00.ex5   (as given: SniperTurtle_KZ_v1.00.ex5)
Run      : XAUUSD M5 2023.01.01 - 2023.12.31, model real, deposit 25000
Sets     : 11

MT5 will open and close once per run. Do not use the terminal meanwhile.

[1/11]   running V5_ctrl_trail_on ... done in 0.4 min, 1 log file(s)
[2/11]   running V5_ema_30_60 ... done in 0.5 min, 1 log file(s)
[3/11]   running V5_ema_40_80 ... done in 0.5 min, 1 log file(s)
[4/11]   running V5_ema_45_90 ... done in 0.5 min, 1 log file(s)
[5/11]   running V5_fn_r025 ... done in 0.5 min, 1 log file(s)
[6/11]   running V5_fn_r035 ... done in 0.4 min, 1 log file(s)
[7/11]   running V5_fn_r035_nosoft ... done in 0.4 min, 1 log file(s)
[8/11]   running V5_fn_r050 ... done in 0.4 min, 1 log file(s)
[9/11]   running V5_notrail ... done in 0.5 min, 1 log file(s)
[10/11]   running V5_notrail_40_80 ... done in 0.5 min, 1 log file(s)
[11/11]   running V5_notrail_45_90 ... done in 0.5 min, 1 log file(s)

11 of 11 runs produced a report in 5 min

run                       filter                 trades       net    PF    DD%  win%    avgW    avgL
----------------------------------------------------------------------------------------------------
V5_ema_45_90              Vwap                      345   4268.55  1.19  15.98  27.2  283.94  -86.49
V5_notrail                Vwap                      329   2146.94  1.07  13.53  24.3  403.94 -118.55
V5_fn_r025                Vwap                      304   1841.18  1.13   5.93  24.7  217.07  -61.65
V5_notrail_45_90          Vwap                      348   1157.71  1.04  21.86  22.1  415.47 -111.34
V5_ctrl_trail_on          Vwap                      321   -393.87  0.98  10.27  26.5  248.35  -88.30
V5_fn_r035                Vwap                       38  -1222.30  0.52   4.89  15.8  221.94  -78.42
V5_fn_r035_nosoft         Vwap                       38  -1222.30  0.52   4.89  15.8  221.94  -78.42
V5_fn_r050                Vwap                       23  -1248.54  0.49   4.99  13.0  406.97 -121.39
V5_notrail_40_80          Vwap                      408  -2079.20  0.94  26.28  21.1  382.90 -106.37
V5_ema_40_80              Vwap                      399  -3293.42  0.87  20.89  24.3  217.96  -78.32
V5_ema_30_60              Vwap                      537  -5696.96  0.83  30.45  25.9  193.34  -79.20

Wrote C:\Users\Administrator\Downloads\sniper-ea\turtle-grid\results_v5_2023_M5\comparison.csv
