
======================================================================
2026-09-27 10:57:51  run_backtests.py --sets sets_v4 --out results_v4oos_M5 --period M5 --skip-done --deposit 25000 --symbol XAUUSD --expert SniperTurtle_KZ_v1.00.ex5 --terminal C:\MT5-Tester\terminal64.exe --data-dir C:\MT5-Tester --portable --from 2025.01.01 --to 2025.12.31
======================================================================
Terminal : C:\MT5-Tester\terminal64.exe
Data dir : C:\MT5-Tester
Expert   : SniperTurtle_KZ_v1.00.ex5   (as given: SniperTurtle_KZ_v1.00.ex5)
Run      : XAUUSD M5 2025.01.01 - 2025.12.31, model real, deposit 25000
Sets     : 23

MT5 will open and close once per run. Do not use the terminal meanwhile.

[1/23]   running V4_atr30 ... done in 0.7 min, 1 log file(s)
[2/23]   running V4_caps ... done in 0.7 min, 1 log file(s)
[3/23]   running V4_ctrl_50_100 ... done in 0.7 min, 1 log file(s)
[4/23]   running V4_ema_100_200 ... done in 0.7 min, 1 log file(s)
[5/23]   running V4_ema_30_60 ... done in 0.7 min, 1 log file(s)
[6/23]   running V4_ema_35_70 ... done in 0.7 min, 1 log file(s)
[7/23]   running V4_ema_40_80 ... done in 0.7 min, 1 log file(s)
[8/23]   running V4_ema_45_90 ... done in 0.7 min, 1 log file(s)
[9/23]   running V4_ema_50_150 ... done in 0.7 min, 1 log file(s)
[10/23]   running V4_ema_50_200 ... done in 0.7 min, 1 log file(s)
[11/23]   running V4_ema_50_75 ... done in 0.7 min, 1 log file(s)
[12/23]   running V4_ema_55_110 ... done in 0.7 min, 1 log file(s)
[13/23]   running V4_ema_60_120 ... done in 0.6 min, 1 log file(s)
[14/23]   running V4_ema_70_140 ... done in 0.7 min, 1 log file(s)
[15/23]   running V4_ema_80_160 ... done in 0.6 min, 1 log file(s)
[16/23]   running V4_fn25k ... done in 0.7 min, 1 log file(s)
[17/23]   running V4_kz_off ... done in 0.7 min, 1 log file(s)
[18/23]   running V4_nofilter ... done in 0.7 min, 1 log file(s)
[19/23]   running V4_notrail ... done in 0.7 min, 1 log file(s)
[20/23]   running V4_partials ... done in 0.7 min, 1 log file(s)
[21/23]   running V4_sl15 ... done in 0.7 min, 1 log file(s)
[22/23]   running V4_sl30 ... done in 0.7 min, 1 log file(s)
[23/23]   running V4_spread15 ... done in 0.7 min, 1 log file(s)

23 of 23 runs produced a report in 16 min

run                       filter                 trades       net    PF    DD%  win%    avgW    avgL
----------------------------------------------------------------------------------------------------
V4_ema_100_200            Vwap                      122    887.61  1.12   7.84  28.7  237.41  -84.09
V4_fn25k                  Vwap                      255    135.70  1.01   8.71  25.9  170.23  -57.92
V4_ema_30_60              Vwap                      462   -738.63  0.97  13.70  25.1  242.51  -82.28
V4_ema_35_70              Vwap                      401   -896.06  0.96  15.93  24.9  239.65  -81.48
V4_ema_70_140             Vwap                      186  -1108.79  0.91   8.27  25.3  226.99  -83.61
V4_ema_50_200             Vwap                      179  -1126.10  0.90  10.04  25.7  226.37  -85.66
V4_ema_45_90              Vwap                      304  -1345.52  0.93  15.81  23.4  241.29  -78.23
V4_notrail                Vwap                      282  -1909.21  0.93  20.13  18.8  479.18 -118.20
V4_ctrl_50_100            Vwap                      278  -2244.43  0.87  17.23  24.1  225.67  -81.22
V4_spread15               Vwap                      278  -2244.43  0.87  17.23  24.1  225.67  -81.22
V4_sl30                   Vwap                      277  -2293.01  0.86  15.41  23.8  221.86  -79.54
V4_nofilter               none                      288  -2326.25  0.87  19.34  24.0  223.36  -79.94
V4_partials               Vwap                      521  -2331.46  0.87  15.63  59.5   48.33  -80.99
V4_ema_80_160             Vwap                      158  -2832.61  0.73  14.97  22.1  218.64  -84.20
V4_caps                   Vwap                      179  -2922.03  0.73  14.29  20.7  210.51  -74.37
V4_ema_40_80              Vwap                      349  -3028.21  0.85  21.31  23.8  203.44  -73.80
V4_sl15                   Vwap                      276  -3140.31  0.82  20.00  24.3  220.48  -84.27
V4_ema_50_150             Vwap                      199  -3714.46  0.71  18.13  20.1  224.51  -78.86
V4_ema_60_120             Vwap                      220  -3817.33  0.73  20.19  20.0  232.66  -78.85
V4_ema_50_75              Vwap                      315  -3868.53  0.79  23.82  21.9  215.79  -75.25
V4_kz_off                 Vwap                      526  -4070.85  0.87  18.72  24.3  217.09  -78.97
V4_atr30                  Vwap                      276  -4244.92  0.76  23.44  21.7  218.61  -79.32
V4_ema_55_110             Vwap                      276  -5290.43  0.67  23.02  22.1  177.82  -74.12

Wrote C:\Users\Administrator\Downloads\sniper-ea\turtle-grid\results_v4oos_M5\comparison.csv
